Archive member included to satisfy reference by file (symbol)

/home/lightp/stm32/tools/gcc-arm-none-eabi-10-2020-q4-major/bin/../lib/gcc/arm-none-eabi/10.2.1/thumb/v7e-m/nofp/libgcc.a(_arm_mulsf3.o)
                              CMakeFiles/NUCLEO-H7.elf.dir/Core/Src/system_stm32h7xx.c.obj (__aeabi_fmul)
/home/lightp/stm32/tools/gcc-arm-none-eabi-10-2020-q4-major/bin/../lib/gcc/arm-none-eabi/10.2.1/thumb/v7e-m/nofp/libgcc.a(_arm_addsubsf3.o)
                              CMakeFiles/NUCLEO-H7.elf.dir/Core/Src/system_stm32h7xx.c.obj (__aeabi_fadd)
/home/lightp/stm32/tools/gcc-arm-none-eabi-10-2020-q4-major/bin/../lib/gcc/arm-none-eabi/10.2.1/thumb/v7e-m/nofp/libgcc.a(_arm_muldivsf3.o)
                              CMakeFiles/NUCLEO-H7.elf.dir/Core/Src/system_stm32h7xx.c.obj (__aeabi_fdiv)
/home/lightp/stm32/tools/gcc-arm-none-eabi-10-2020-q4-major/bin/../lib/gcc/arm-none-eabi/10.2.1/thumb/v7e-m/nofp/libgcc.a(_arm_fixunssfsi.o)
                              CMakeFiles/NUCLEO-H7.elf.dir/Core/Src/system_stm32h7xx.c.obj (__aeabi_f2uiz)
/home/lightp/stm32/tools/gcc-arm-none-eabi-10-2020-q4-major/bin/../lib/gcc/arm-none-eabi/10.2.1/thumb/v7e-m/nofp/libgcc.a(_aeabi_uldivmod.o)
                              CMakeFiles/NUCLEO-H7.elf.dir/Drivers/STM32H7xx_HAL_Driver/Src/stm32h7xx_hal_uart.c.obj (__aeabi_uldivmod)
/home/lightp/stm32/tools/gcc-arm-none-eabi-10-2020-q4-major/bin/../lib/gcc/arm-none-eabi/10.2.1/thumb/v7e-m/nofp/libgcc.a(_udivmoddi4.o)
                              /home/lightp/stm32/tools/gcc-arm-none-eabi-10-2020-q4-major/bin/../lib/gcc/arm-none-eabi/10.2.1/thumb/v7e-m/nofp/libgcc.a(_aeabi_uldivmod.o) (__udivmoddi4)
/home/lightp/stm32/tools/gcc-arm-none-eabi-10-2020-q4-major/bin/../lib/gcc/arm-none-eabi/10.2.1/thumb/v7e-m/nofp/libgcc.a(_dvmd_tls.o)
                              /home/lightp/stm32/tools/gcc-arm-none-eabi-10-2020-q4-major/bin/../lib/gcc/arm-none-eabi/10.2.1/thumb/v7e-m/nofp/libgcc.a(_aeabi_uldivmod.o) (__aeabi_ldiv0)
/home/lightp/stm32/tools/gcc-arm-none-eabi-10-2020-q4-major/bin/../lib/gcc/arm-none-eabi/10.2.1/../../../../arm-none-eabi/lib/thumb/v7e-m/nofp/libg.a(lib_a-errno.o)
                              CMakeFiles/NUCLEO-H7.elf.dir/Core/Src/syscalls.c.obj (__errno)
/home/lightp/stm32/tools/gcc-arm-none-eabi-10-2020-q4-major/bin/../lib/gcc/arm-none-eabi/10.2.1/../../../../arm-none-eabi/lib/thumb/v7e-m/nofp/libg.a(lib_a-exit.o)
                              /home/lightp/stm32/tools/gcc-arm-none-eabi-10-2020-q4-major/bin/../lib/gcc/arm-none-eabi/10.2.1/../../../../arm-none-eabi/lib/thumb/v7e-m/nofp/crt0.o (exit)
/home/lightp/stm32/tools/gcc-arm-none-eabi-10-2020-q4-major/bin/../lib/gcc/arm-none-eabi/10.2.1/../../../../arm-none-eabi/lib/thumb/v7e-m/nofp/libg.a(lib_a-impure.o)
                              /home/lightp/stm32/tools/gcc-arm-none-eabi-10-2020-q4-major/bin/../lib/gcc/arm-none-eabi/10.2.1/../../../../arm-none-eabi/lib/thumb/v7e-m/nofp/libg.a(lib_a-exit.o) (_global_impure_ptr)
/home/lightp/stm32/tools/gcc-arm-none-eabi-10-2020-q4-major/bin/../lib/gcc/arm-none-eabi/10.2.1/../../../../arm-none-eabi/lib/thumb/v7e-m/nofp/libg.a(lib_a-init.o)
                              /home/lightp/stm32/tools/gcc-arm-none-eabi-10-2020-q4-major/bin/../lib/gcc/arm-none-eabi/10.2.1/../../../../arm-none-eabi/lib/thumb/v7e-m/nofp/crt0.o (__libc_init_array)
/home/lightp/stm32/tools/gcc-arm-none-eabi-10-2020-q4-major/bin/../lib/gcc/arm-none-eabi/10.2.1/../../../../arm-none-eabi/lib/thumb/v7e-m/nofp/libg.a(lib_a-memset.o)
                              /home/lightp/stm32/tools/gcc-arm-none-eabi-10-2020-q4-major/bin/../lib/gcc/arm-none-eabi/10.2.1/../../../../arm-none-eabi/lib/thumb/v7e-m/nofp/crt0.o (memset)
/home/lightp/stm32/tools/gcc-arm-none-eabi-10-2020-q4-major/bin/../lib/gcc/arm-none-eabi/10.2.1/../../../../arm-none-eabi/lib/thumb/v7e-m/nofp/libg.a(lib_a-__call_atexit.o)
                              /home/lightp/stm32/tools/gcc-arm-none-eabi-10-2020-q4-major/bin/../lib/gcc/arm-none-eabi/10.2.1/../../../../arm-none-eabi/lib/thumb/v7e-m/nofp/libg.a(lib_a-exit.o) (__call_exitprocs)
/home/lightp/stm32/tools/gcc-arm-none-eabi-10-2020-q4-major/bin/../lib/gcc/arm-none-eabi/10.2.1/../../../../arm-none-eabi/lib/thumb/v7e-m/nofp/libg.a(lib_a-atexit.o)
                              /home/lightp/stm32/tools/gcc-arm-none-eabi-10-2020-q4-major/bin/../lib/gcc/arm-none-eabi/10.2.1/../../../../arm-none-eabi/lib/thumb/v7e-m/nofp/libg.a(lib_a-__call_atexit.o) (atexit)
/home/lightp/stm32/tools/gcc-arm-none-eabi-10-2020-q4-major/bin/../lib/gcc/arm-none-eabi/10.2.1/../../../../arm-none-eabi/lib/thumb/v7e-m/nofp/libg.a(lib_a-fini.o)
                              /home/lightp/stm32/tools/gcc-arm-none-eabi-10-2020-q4-major/bin/../lib/gcc/arm-none-eabi/10.2.1/../../../../arm-none-eabi/lib/thumb/v7e-m/nofp/libg.a(lib_a-__call_atexit.o) (__libc_fini_array)
/home/lightp/stm32/tools/gcc-arm-none-eabi-10-2020-q4-major/bin/../lib/gcc/arm-none-eabi/10.2.1/../../../../arm-none-eabi/lib/thumb/v7e-m/nofp/libg.a(lib_a-lock.o)
[...]
Memory Configuration

Name             Origin             Length             Attributes
DTCMRAM          0x0000000020000000 0x0000000000020000 xrw
RAM_D1           0x0000000024000000 0x0000000000080000 xrw
RAM_D2           0x0000000030000000 0x0000000000048000 xrw
RAM_D3           0x0000000038000000 0x0000000000010000 xrw
ITCMRAM          0x0000000000000000 0x0000000000010000 xrw
FLASH            0x0000000008000000 0x0000000000200000 xr
*default*        0x0000000000000000 0xffffffffffffffff

Linker script and memory map

LOAD /home/lightp/stm32/tools/gcc-arm-none-eabi-10-2020-q4-major/bin/../lib/gcc/arm-none-eabi/10.2.1/thumb/v7e-m/nofp/crti.o
LOAD /home/lightp/stm32/tools/gcc-arm-none-eabi-10-2020-q4-major/bin/../lib/gcc/arm-none-eabi/10.2.1/thumb/v7e-m/nofp/crtbegin.o
LOAD /home/lightp/stm32/tools/gcc-arm-none-eabi-10-2020-q4-major/bin/../lib/gcc/arm-none-eabi/10.2.1/../../../../arm-none-eabi/lib/thumb/v7e-m/nofp/crt0.o
LOAD CMakeFiles/NUCLEO-H7.elf.dir/Core/Src/eth.c.obj
LOAD CMakeFiles/NUCLEO-H7.elf.dir/Core/Src/gpio.c.obj
LOAD CMakeFiles/NUCLEO-H7.elf.dir/Core/Src/main.c.obj
LOAD CMakeFiles/NUCLEO-H7.elf.dir/Core/Src/stm32h7xx_hal_msp.c.obj
LOAD CMakeFiles/NUCLEO-H7.elf.dir/Core/Src/stm32h7xx_it.c.obj
LOAD CMakeFiles/NUCLEO-H7.elf.dir/Core/Src/syscalls.c.obj
LOAD CMakeFiles/NUCLEO-H7.elf.dir/Core/Src/system_stm32h7xx.c.obj
LOAD CMakeFiles/NUCLEO-H7.elf.dir/Core/Src/usart.c.obj
LOAD CMakeFiles/NUCLEO-H7.elf.dir/Core/Src/usb_otg.c.obj
LOAD CMakeFiles/NUCLEO-H7.elf.dir/Drivers/STM32H7xx_HAL_Driver/Src/stm32h7xx_hal.c.obj
LOAD CMakeFiles/NUCLEO-H7.elf.dir/Drivers/STM32H7xx_HAL_Driver/Src/stm32h7xx_hal_cortex.c.obj
LOAD CMakeFiles/NUCLEO-H7.elf.dir/Drivers/STM32H7xx_HAL_Driver/Src/stm32h7xx_hal_dma.c.obj
LOAD CMakeFiles/NUCLEO-H7.elf.dir/Drivers/STM32H7xx_HAL_Driver/Src/stm32h7xx_hal_dma_ex.c.obj
LOAD CMakeFiles/NUCLEO-H7.elf.dir/Drivers/STM32H7xx_HAL_Driver/Src/stm32h7xx_hal_eth.c.obj
LOAD CMakeFiles/NUCLEO-H7.elf.dir/Drivers/STM32H7xx_HAL_Driver/Src/stm32h7xx_hal_eth_ex.c.obj
LOAD CMakeFiles/NUCLEO-H7.elf.dir/Drivers/STM32H7xx_HAL_Driver/Src/stm32h7xx_hal_exti.c.obj
LOAD CMakeFiles/NUCLEO-H7.elf.dir/Drivers/STM32H7xx_HAL_Driver/Src/stm32h7xx_hal_flash.c.obj
LOAD CMakeFiles/NUCLEO-H7.elf.dir/Drivers/STM32H7xx_HAL_Driver/Src/stm32h7xx_hal_flash_ex.c.obj
LOAD CMakeFiles/NUCLEO-H7.elf.dir/Drivers/STM32H7xx_HAL_Driver/Src/stm32h7xx_hal_gpio.c.obj
LOAD CMakeFiles/NUCLEO-H7.elf.dir/Drivers/STM32H7xx_HAL_Driver/Src/stm32h7xx_hal_hsem.c.obj
LOAD CMakeFiles/NUCLEO-H7.elf.dir/Drivers/STM32H7xx_HAL_Driver/Src/stm32h7xx_hal_i2c.c.obj
LOAD CMakeFiles/NUCLEO-H7.elf.dir/Drivers/STM32H7xx_HAL_Driver/Src/stm32h7xx_hal_i2c_ex.c.obj
LOAD CMakeFiles/NUCLEO-H7.elf.dir/Drivers/STM32H7xx_HAL_Driver/Src/stm32h7xx_hal_mdma.c.obj
LOAD CMakeFiles/NUCLEO-H7.elf.dir/Drivers/STM32H7xx_HAL_Driver/Src/stm32h7xx_hal_pcd.c.obj
LOAD CMakeFiles/NUCLEO-H7.elf.dir/Drivers/STM32H7xx_HAL_Driver/Src/stm32h7xx_hal_pcd_ex.c.obj
LOAD CMakeFiles/NUCLEO-H7.elf.dir/Drivers/STM32H7xx_HAL_Driver/Src/stm32h7xx_hal_pwr.c.obj
LOAD CMakeFiles/NUCLEO-H7.elf.dir/Drivers/STM32H7xx_HAL_Driver/Src/stm32h7xx_hal_pwr_ex.c.obj
LOAD CMakeFiles/NUCLEO-H7.elf.dir/Drivers/STM32H7xx_HAL_Driver/Src/stm32h7xx_hal_rcc.c.obj
LOAD CMakeFiles/NUCLEO-H7.elf.dir/Drivers/STM32H7xx_HAL_Driver/Src/stm32h7xx_hal_rcc_ex.c.obj
LOAD CMakeFiles/NUCLEO-H7.elf.dir/Drivers/STM32H7xx_HAL_Driver/Src/stm32h7xx_hal_tim.c.obj
LOAD CMakeFiles/NUCLEO-H7.elf.dir/Drivers/STM32H7xx_HAL_Driver/Src/stm32h7xx_hal_tim_ex.c.obj
LOAD CMakeFiles/NUCLEO-H7.elf.dir/Drivers/STM32H7xx_HAL_Driver/Src/stm32h7xx_hal_uart.c.obj
LOAD CMakeFiles/NUCLEO-H7.elf.dir/Drivers/STM32H7xx_HAL_Driver/Src/stm32h7xx_hal_uart_ex.c.obj
LOAD CMakeFiles/NUCLEO-H7.elf.dir/Drivers/STM32H7xx_HAL_Driver/Src/stm32h7xx_ll_usb.c.obj
LOAD CMakeFiles/NUCLEO-H7.elf.dir/startup/startup_stm32h743xx.s.obj
START GROUP
LOAD /home/lightp/stm32/tools/gcc-arm-none-eabi-10-2020-q4-major/bin/../lib/gcc/arm-none-eabi/10.2.1/thumb/v7e-m/nofp/libgcc.a
LOAD /home/lightp/stm32/tools/gcc-arm-none-eabi-10-2020-q4-major/bin/../lib/gcc/arm-none-eabi/10.2.1/../../../../arm-none-eabi/lib/thumb/v7e-m/nofp/libg.a
LOAD /home/lightp/stm32/tools/gcc-arm-none-eabi-10-2020-q4-major/bin/../lib/gcc/arm-none-eabi/10.2.1/../../../../arm-none-eabi/lib/thumb/v7e-m/nofp/libc.a
END GROUP
LOAD /home/lightp/stm32/tools/gcc-arm-none-eabi-10-2020-q4-major/bin/../lib/gcc/arm-none-eabi/10.2.1/thumb/v7e-m/nofp/crtend.o
LOAD /home/lightp/stm32/tools/gcc-arm-none-eabi-10-2020-q4-major/bin/../lib/gcc/arm-none-eabi/10.2.1/thumb/v7e-m/nofp/crtn.o
                0x0000000020020000                _estack = 0x20020000
                0x0000000000000200                _Min_Heap_Size = 0x200
                0x0000000000000400                _Min_Stack_Size = 0x400

.isr_vector     0x0000000008000000      0x298
                0x0000000008000000                . = ALIGN (0x4)
 *(.isr_vector)
 .isr_vector    0x0000000008000000      0x298 CMakeFiles/NUCLEO-H7.elf.dir/startup/startup_stm32h743xx.s.obj
                0x0000000008000000                g_pfnVectors
                0x0000000008000298                . = ALIGN (0x4)

.text           0x0000000008000298     0x44c8
                0x0000000008000298                . = ALIGN (0x4)
 *(.text)
 .text          0x0000000008000298       0x40 /home/lightp/stm32/tools/gcc-arm-none-eabi-10-2020-q4-major/bin/../lib/gcc/arm-none-eabi/10.2.1/thumb/v7e-m/nofp/crtbegin.o
 .text          0x00000000080002d8      0x21c /home/lightp/stm32/tools/gcc-arm-none-eabi-10-2020-q4-major/bin/../lib/gcc/arm-none-eabi/10.2.1/thumb/v7e-m/nofp/libgcc.a(_arm_addsubsf3.o)
                0x00000000080002d8                __aeabi_frsub
                0x00000000080002e0                __subsf3
                0x00000000080002e0                __aeabi_fsub
                0x00000000080002e4                __aeabi_fadd
                0x00000000080002e4                __addsf3
                0x0000000008000444                __aeabi_ui2f
                0x0000000008000444                __floatunsisf
                0x000000000800044c                __aeabi_i2f
                0x000000000800044c                __floatsisf
                0x0000000008000468                __floatundisf
                0x0000000008000468                __aeabi_ul2f
                0x0000000008000478                __floatdisf
                0x0000000008000478                __aeabi_l2f
 .text          0x00000000080004f4      0x2a0 /home/lightp/stm32/tools/gcc-arm-none-eabi-10-2020-q4-major/bin/../lib/gcc/arm-none-eabi/10.2.1/thumb/v7e-m/nofp/libgcc.a(_arm_muldivsf3.o)
                0x00000000080004f4                __mulsf3
                0x00000000080004f4                __aeabi_fmul
                0x000000000800065c                __divsf3
                0x000000000800065c                __aeabi_fdiv
 .text          0x0000000008000794       0x40 /home/lightp/stm32/tools/gcc-arm-none-eabi-10-2020-q4-major/bin/../lib/gcc/arm-none-eabi/10.2.1/thumb/v7e-m/nofp/libgcc.a(_arm_fixunssfsi.o)
                0x0000000008000794                __aeabi_f2uiz
                0x0000000008000794                __fixunssfsi
 .text          0x00000000080007d4       0x30 /home/lightp/stm32/tools/gcc-arm-none-eabi-10-2020-q4-major/bin/../lib/gcc/arm-none-eabi/10.2.1/thumb/v7e-m/nofp/libgcc.a(_aeabi_uldivmod.o)
                0x00000000080007d4                __aeabi_uldivmod
 .text          0x0000000008000804      0x2d0 /home/lightp/stm32/tools/gcc-arm-none-eabi-10-2020-q4-major/bin/../lib/gcc/arm-none-eabi/10.2.1/thumb/v7e-m/nofp/libgcc.a(_udivmoddi4.o)
                0x0000000008000804                __udivmoddi4
 .text          0x0000000008000ad4        0x4 /home/lightp/stm32/tools/gcc-arm-none-eabi-10-2020-q4-major/bin/../lib/gcc/arm-none-eabi/10.2.1/thumb/v7e-m/nofp/libgcc.a(_dvmd_tls.o)
                0x0000000008000ad4                __aeabi_ldiv0
                0x0000000008000ad4                __aeabi_idiv0
 *(.text*)
 .text.MX_ETH_Init
                0x0000000008000ad8       0x70 CMakeFiles/NUCLEO-H7.elf.dir/Core/Src/eth.c.obj
                0x0000000008000ad8                MX_ETH_Init
 .text.HAL_ETH_MspInit
                0x0000000008000b48      0x138 CMakeFiles/NUCLEO-H7.elf.dir/Core/Src/eth.c.obj
                0x0000000008000b48                HAL_ETH_MspInit
 .text.MX_GPIO_Init
                0x0000000008000c80      0x120 CMakeFiles/NUCLEO-H7.elf.dir/Core/Src/gpio.c.obj
                0x0000000008000c80                MX_GPIO_Init
 .text.Error_Handler
                0x0000000008000da0        0x4 CMakeFiles/NUCLEO-H7.elf.dir/Core/Src/main.c.obj
                0x0000000008000da0                Error_Handler
 .text.SystemClock_Config
                0x0000000008000da4       0xc4 CMakeFiles/NUCLEO-H7.elf.dir/Core/Src/main.c.obj
                0x0000000008000da4                SystemClock_Config
 .text.main     0x0000000008000e68       0x1c CMakeFiles/NUCLEO-H7.elf.dir/Core/Src/main.c.obj
                0x0000000008000e68                main
 .text.HAL_MspInit
                0x0000000008000e84       0x24 CMakeFiles/NUCLEO-H7.elf.dir/Core/Src/stm32h7xx_hal_msp.c.obj
                0x0000000008000e84                HAL_MspInit
 .text.NMI_Handler
                0x0000000008000ea8        0x2 CMakeFiles/NUCLEO-H7.elf.dir/Core/Src/stm32h7xx_it.c.obj
                0x0000000008000ea8                NMI_Handler
 .text.HardFault_Handler
                0x0000000008000eaa        0x2 CMakeFiles/NUCLEO-H7.elf.dir/Core/Src/stm32h7xx_it.c.obj
                0x0000000008000eaa                HardFault_Handler
 .text.MemManage_Handler
                0x0000000008000eac        0x2 CMakeFiles/NUCLEO-H7.elf.dir/Core/Src/stm32h7xx_it.c.obj
                0x0000000008000eac                MemManage_Handler
 .text.BusFault_Handler
                0x0000000008000eae        0x2 CMakeFiles/NUCLEO-H7.elf.dir/Core/Src/stm32h7xx_it.c.obj
                0x0000000008000eae                BusFault_Handler
 .text.UsageFault_Handler
                0x0000000008000eb0        0x2 CMakeFiles/NUCLEO-H7.elf.dir/Core/Src/stm32h7xx_it.c.obj
                0x0000000008000eb0                UsageFault_Handler
 .text.SVC_Handler
                0x0000000008000eb2        0x2 CMakeFiles/NUCLEO-H7.elf.dir/Core/Src/stm32h7xx_it.c.obj
                0x0000000008000eb2                SVC_Handler
 .text.DebugMon_Handler
                0x0000000008000eb4        0x2 CMakeFiles/NUCLEO-H7.elf.dir/Core/Src/stm32h7xx_it.c.obj
                0x0000000008000eb4                DebugMon_Handler
 .text.PendSV_Handler
                0x0000000008000eb6        0x2 CMakeFiles/NUCLEO-H7.elf.dir/Core/Src/stm32h7xx_it.c.obj
                0x0000000008000eb6                PendSV_Handler
 .text.SysTick_Handler
                0x0000000008000eb8        0x8 CMakeFiles/NUCLEO-H7.elf.dir/Core/Src/stm32h7xx_it.c.obj
                0x0000000008000eb8                SysTick_Handler
 .text.SystemInit
                0x0000000008000ec0       0xc8 CMakeFiles/NUCLEO-H7.elf.dir/Core/Src/system_stm32h7xx.c.obj
                0x0000000008000ec0                SystemInit
 .text.MX_USART3_UART_Init
                0x0000000008000f88       0x68 CMakeFiles/NUCLEO-H7.elf.dir/Core/Src/usart.c.obj
                0x0000000008000f88                MX_USART3_UART_Init
 .text.HAL_UART_MspInit
                0x0000000008000ff0       0x94 CMakeFiles/NUCLEO-H7.elf.dir/Core/Src/usart.c.obj
                0x0000000008000ff0                HAL_UART_MspInit
 .text.MX_USB_OTG_FS_PCD_Init
                0x0000000008001084       0x3c CMakeFiles/NUCLEO-H7.elf.dir/Core/Src/usb_otg.c.obj
                0x0000000008001084                MX_USB_OTG_FS_PCD_Init
 .text.HAL_PCD_MspInit
                0x00000000080010c0       0xb8 CMakeFiles/NUCLEO-H7.elf.dir/Core/Src/usb_otg.c.obj
                0x00000000080010c0                HAL_PCD_MspInit
 .text.HAL_InitTick
                0x0000000008001178       0x50 CMakeFiles/NUCLEO-H7.elf.dir/Drivers/STM32H7xx_HAL_Driver/Src/stm32h7xx_hal.c.obj
                0x0000000008001178                HAL_InitTick
 .text.HAL_Init
                0x00000000080011c8       0x5c CMakeFiles/NUCLEO-H7.elf.dir/Drivers/STM32H7xx_HAL_Driver/Src/stm32h7xx_hal.c.obj
                0x00000000080011c8                HAL_Init
 .text.HAL_IncTick
                0x0000000008001224       0x18 CMakeFiles/NUCLEO-H7.elf.dir/Drivers/STM32H7xx_HAL_Driver/Src/stm32h7xx_hal.c.obj
                0x0000000008001224                HAL_IncTick
 .text.HAL_GetTick
                0x000000000800123c        0xc CMakeFiles/NUCLEO-H7.elf.dir/Drivers/STM32H7xx_HAL_Driver/Src/stm32h7xx_hal.c.obj
                0x000000000800123c                HAL_GetTick
 .text.HAL_Delay
                0x0000000008001248       0x28 CMakeFiles/NUCLEO-H7.elf.dir/Drivers/STM32H7xx_HAL_Driver/Src/stm32h7xx_hal.c.obj
                0x0000000008001248                HAL_Delay
 .text.HAL_GetREVID
                0x0000000008001270        0xc CMakeFiles/NUCLEO-H7.elf.dir/Drivers/STM32H7xx_HAL_Driver/Src/stm32h7xx_hal.c.obj
                0x0000000008001270                HAL_GetREVID
 .text.HAL_SYSCFG_ETHInterfaceSelect
                0x000000000800127c       0x14 CMakeFiles/NUCLEO-H7.elf.dir/Drivers/STM32H7xx_HAL_Driver/Src/stm32h7xx_hal.c.obj
                0x000000000800127c                HAL_SYSCFG_ETHInterfaceSelect
 .text.HAL_NVIC_SetPriorityGrouping
                0x0000000008001290       0x24 CMakeFiles/NUCLEO-H7.elf.dir/Drivers/STM32H7xx_HAL_Driver/Src/stm32h7xx_hal_cortex.c.obj
                0x0000000008001290                HAL_NVIC_SetPriorityGrouping
 .text.HAL_NVIC_SetPriority
                0x00000000080012b4       0x6c CMakeFiles/NUCLEO-H7.elf.dir/Drivers/STM32H7xx_HAL_Driver/Src/stm32h7xx_hal_cortex.c.obj
                0x00000000080012b4                HAL_NVIC_SetPriority
 .text.HAL_SYSTICK_Config
                0x0000000008001320       0x28 CMakeFiles/NUCLEO-H7.elf.dir/Drivers/STM32H7xx_HAL_Driver/Src/stm32h7xx_hal_cortex.c.obj
                0x0000000008001320                HAL_SYSTICK_Config
 .text.ETH_SetMACConfig
                0x0000000008001348      0x1b0 CMakeFiles/NUCLEO-H7.elf.dir/Drivers/STM32H7xx_HAL_Driver/Src/stm32h7xx_hal_eth.c.obj
 .text.ETH_SetDMAConfig
                0x00000000080014f8       0xac CMakeFiles/NUCLEO-H7.elf.dir/Drivers/STM32H7xx_HAL_Driver/Src/stm32h7xx_hal_eth.c.obj
 .text.ETH_MACDMAConfig
                0x00000000080015a4       0xdc CMakeFiles/NUCLEO-H7.elf.dir/Drivers/STM32H7xx_HAL_Driver/Src/stm32h7xx_hal_eth.c.obj
 .text.ETH_DMATxDescListInit
                0x0000000008001680       0x58 CMakeFiles/NUCLEO-H7.elf.dir/Drivers/STM32H7xx_HAL_Driver/Src/stm32h7xx_hal_eth.c.obj
 .text.ETH_DMARxDescListInit
                0x00000000080016d8       0x6c CMakeFiles/NUCLEO-H7.elf.dir/Drivers/STM32H7xx_HAL_Driver/Src/stm32h7xx_hal_eth.c.obj
 .text.ETH_MAC_MDIO_ClkConfig
                0x0000000008001744       0x78 CMakeFiles/NUCLEO-H7.elf.dir/Drivers/STM32H7xx_HAL_Driver/Src/stm32h7xx_hal_eth.c.obj
 .text.HAL_ETH_Init
                0x00000000080017bc      0x138 CMakeFiles/NUCLEO-H7.elf.dir/Drivers/STM32H7xx_HAL_Driver/Src/stm32h7xx_hal_eth.c.obj
                0x00000000080017bc                HAL_ETH_Init
 .text.HAL_GPIO_Init
                0x00000000080018f4      0x1fc CMakeFiles/NUCLEO-H7.elf.dir/Drivers/STM32H7xx_HAL_Driver/Src/stm32h7xx_hal_gpio.c.obj
                0x00000000080018f4                HAL_GPIO_Init
 .text.HAL_GPIO_WritePin
                0x0000000008001af0        0xc CMakeFiles/NUCLEO-H7.elf.dir/Drivers/STM32H7xx_HAL_Driver/Src/stm32h7xx_hal_gpio.c.obj
                0x0000000008001af0                HAL_GPIO_WritePin
 .text.HAL_PCD_Init
                0x0000000008001afc      0x13c CMakeFiles/NUCLEO-H7.elf.dir/Drivers/STM32H7xx_HAL_Driver/Src/stm32h7xx_hal_pcd.c.obj
                0x0000000008001afc                HAL_PCD_Init
 .text.HAL_PCDEx_ActivateLPM
                0x0000000008001c38       0x28 CMakeFiles/NUCLEO-H7.elf.dir/Drivers/STM32H7xx_HAL_Driver/Src/stm32h7xx_hal_pcd_ex.c.obj
                0x0000000008001c38                HAL_PCDEx_ActivateLPM
 .text.HAL_PWREx_ConfigSupply
                0x0000000008001c60       0x54 CMakeFiles/NUCLEO-H7.elf.dir/Drivers/STM32H7xx_HAL_Driver/Src/stm32h7xx_hal_pwr_ex.c.obj
                0x0000000008001c60                HAL_PWREx_ConfigSupply
 .text.HAL_PWREx_EnableUSBVoltageDetector
                0x0000000008001cb4       0x10 CMakeFiles/NUCLEO-H7.elf.dir/Drivers/STM32H7xx_HAL_Driver/Src/stm32h7xx_hal_pwr_ex.c.obj
                0x0000000008001cb4                HAL_PWREx_EnableUSBVoltageDetector
 .text.HAL_RCC_OscConfig
                0x0000000008001cc4      0x648 CMakeFiles/NUCLEO-H7.elf.dir/Drivers/STM32H7xx_HAL_Driver/Src/stm32h7xx_hal_rcc.c.obj
                0x0000000008001cc4                HAL_RCC_OscConfig
 .text.HAL_RCC_GetSysClockFreq
                0x000000000800230c      0x218 CMakeFiles/NUCLEO-H7.elf.dir/Drivers/STM32H7xx_HAL_Driver/Src/stm32h7xx_hal_rcc.c.obj
                0x000000000800230c                HAL_RCC_GetSysClockFreq
 .text.HAL_RCC_ClockConfig
                0x0000000008002524      0x294 CMakeFiles/NUCLEO-H7.elf.dir/Drivers/STM32H7xx_HAL_Driver/Src/stm32h7xx_hal_rcc.c.obj
                0x0000000008002524                HAL_RCC_ClockConfig
 .text.HAL_RCC_GetHCLKFreq
                0x00000000080027b8       0x44 CMakeFiles/NUCLEO-H7.elf.dir/Drivers/STM32H7xx_HAL_Driver/Src/stm32h7xx_hal_rcc.c.obj
                0x00000000080027b8                HAL_RCC_GetHCLKFreq
 .text.HAL_RCC_GetPCLK1Freq
                0x00000000080027fc       0x24 CMakeFiles/NUCLEO-H7.elf.dir/Drivers/STM32H7xx_HAL_Driver/Src/stm32h7xx_hal_rcc.c.obj
                0x00000000080027fc                HAL_RCC_GetPCLK1Freq
 .text.HAL_RCC_GetPCLK2Freq
                0x0000000008002820       0x24 CMakeFiles/NUCLEO-H7.elf.dir/Drivers/STM32H7xx_HAL_Driver/Src/stm32h7xx_hal_rcc.c.obj
                0x0000000008002820                HAL_RCC_GetPCLK2Freq
 .text.RCCEx_PLL2_Config
                0x0000000008002844      0x10c CMakeFiles/NUCLEO-H7.elf.dir/Drivers/STM32H7xx_HAL_Driver/Src/stm32h7xx_hal_rcc_ex.c.obj
 .text.RCCEx_PLL3_Config
                0x0000000008002950      0x10c CMakeFiles/NUCLEO-H7.elf.dir/Drivers/STM32H7xx_HAL_Driver/Src/stm32h7xx_hal_rcc_ex.c.obj
 .text.HAL_RCCEx_PeriphCLKConfig
                0x0000000008002a5c      0x9c4 CMakeFiles/NUCLEO-H7.elf.dir/Drivers/STM32H7xx_HAL_Driver/Src/stm32h7xx_hal_rcc_ex.c.obj
                0x0000000008002a5c                HAL_RCCEx_PeriphCLKConfig
 .text.HAL_RCCEx_GetD3PCLK1Freq
                0x0000000008003420       0x24 CMakeFiles/NUCLEO-H7.elf.dir/Drivers/STM32H7xx_HAL_Driver/Src/stm32h7xx_hal_rcc_ex.c.obj
                0x0000000008003420                HAL_RCCEx_GetD3PCLK1Freq
 .text.HAL_RCCEx_GetPLL2ClockFreq
                0x0000000008003444      0x234 CMakeFiles/NUCLEO-H7.elf.dir/Drivers/STM32H7xx_HAL_Driver/Src/stm32h7xx_hal_rcc_ex.c.obj
                0x0000000008003444                HAL_RCCEx_GetPLL2ClockFreq
 .text.HAL_RCCEx_GetPLL3ClockFreq
                0x0000000008003678      0x234 CMakeFiles/NUCLEO-H7.elf.dir/Drivers/STM32H7xx_HAL_Driver/Src/stm32h7xx_hal_rcc_ex.c.obj
                0x0000000008003678                HAL_RCCEx_GetPLL3ClockFreq
 .text.UART_SetConfig
                0x00000000080038ac      0x5f4 CMakeFiles/NUCLEO-H7.elf.dir/Drivers/STM32H7xx_HAL_Driver/Src/stm32h7xx_hal_uart.c.obj
                0x00000000080038ac                UART_SetConfig
 .text.UART_AdvFeatureConfig
                0x0000000008003ea0       0xca CMakeFiles/NUCLEO-H7.elf.dir/Drivers/STM32H7xx_HAL_Driver/Src/stm32h7xx_hal_uart.c.obj
                0x0000000008003ea0                UART_AdvFeatureConfig
 .text.UART_WaitOnFlagUntilTimeout
                0x0000000008003f6a       0xb0 CMakeFiles/NUCLEO-H7.elf.dir/Drivers/STM32H7xx_HAL_Driver/Src/stm32h7xx_hal_uart.c.obj
                0x0000000008003f6a                UART_WaitOnFlagUntilTimeout
 .text.UART_CheckIdleState
                0x000000000800401a       0x74 CMakeFiles/NUCLEO-H7.elf.dir/Drivers/STM32H7xx_HAL_Driver/Src/stm32h7xx_hal_uart.c.obj
                0x000000000800401a                UART_CheckIdleState
 .text.HAL_UART_Init
                0x000000000800408e       0x66 CMakeFiles/NUCLEO-H7.elf.dir/Drivers/STM32H7xx_HAL_Driver/Src/stm32h7xx_hal_uart.c.obj
                0x000000000800408e                HAL_UART_Init
 .text.UARTEx_SetNbDataToProcess
                0x00000000080040f4       0x4c CMakeFiles/NUCLEO-H7.elf.dir/Drivers/STM32H7xx_HAL_Driver/Src/stm32h7xx_hal_uart_ex.c.obj
 .text.HAL_UARTEx_DisableFifoMode
                0x0000000008004140       0x3e CMakeFiles/NUCLEO-H7.elf.dir/Drivers/STM32H7xx_HAL_Driver/Src/stm32h7xx_hal_uart_ex.c.obj
                0x0000000008004140                HAL_UARTEx_DisableFifoMode
 .text.HAL_UARTEx_SetTxFifoThreshold
                0x000000000800417e       0x4a CMakeFiles/NUCLEO-H7.elf.dir/Drivers/STM32H7xx_HAL_Driver/Src/stm32h7xx_hal_uart_ex.c.obj
                0x000000000800417e                HAL_UARTEx_SetTxFifoThreshold
 .text.HAL_UARTEx_SetRxFifoThreshold
                0x00000000080041c8       0x4a CMakeFiles/NUCLEO-H7.elf.dir/Drivers/STM32H7xx_HAL_Driver/Src/stm32h7xx_hal_uart_ex.c.obj
                0x00000000080041c8                HAL_UARTEx_SetRxFifoThreshold
 *fill*         0x0000000008004212        0x2 
 .text.USB_CoreReset
                0x0000000008004214       0x3c CMakeFiles/NUCLEO-H7.elf.dir/Drivers/STM32H7xx_HAL_Driver/Src/stm32h7xx_ll_usb.c.obj
 .text.USB_CoreInit
                0x0000000008004250       0x9c CMakeFiles/NUCLEO-H7.elf.dir/Drivers/STM32H7xx_HAL_Driver/Src/stm32h7xx_ll_usb.c.obj
                0x0000000008004250                USB_CoreInit
 .text.USB_DisableGlobalInt
                0x00000000080042ec        0xc CMakeFiles/NUCLEO-H7.elf.dir/Drivers/STM32H7xx_HAL_Driver/Src/stm32h7xx_ll_usb.c.obj
                0x00000000080042ec                USB_DisableGlobalInt
 .text.USB_SetCurrentMode
                0x00000000080042f8       0x30 CMakeFiles/NUCLEO-H7.elf.dir/Drivers/STM32H7xx_HAL_Driver/Src/stm32h7xx_ll_usb.c.obj
                0x00000000080042f8                USB_SetCurrentMode
 .text.USB_FlushTxFifo
                0x0000000008004328       0x28 CMakeFiles/NUCLEO-H7.elf.dir/Drivers/STM32H7xx_HAL_Driver/Src/stm32h7xx_ll_usb.c.obj
                0x0000000008004328                USB_FlushTxFifo
 .text.USB_FlushRxFifo
                0x0000000008004350       0x24 CMakeFiles/NUCLEO-H7.elf.dir/Drivers/STM32H7xx_HAL_Driver/Src/stm32h7xx_ll_usb.c.obj
                0x0000000008004350                USB_FlushRxFifo
 .text.USB_SetDevSpeed
                0x0000000008004374        0xe CMakeFiles/NUCLEO-H7.elf.dir/Drivers/STM32H7xx_HAL_Driver/Src/stm32h7xx_ll_usb.c.obj
                0x0000000008004374                USB_SetDevSpeed
 *fill*         0x0000000008004382        0x2 
 .text.USB_DevInit
                0x0000000008004384      0x188 CMakeFiles/NUCLEO-H7.elf.dir/Drivers/STM32H7xx_HAL_Driver/Src/stm32h7xx_ll_usb.c.obj
                0x0000000008004384                USB_DevInit
 .text.USB_DevDisconnect
                0x000000000800450c       0x1c CMakeFiles/NUCLEO-H7.elf.dir/Drivers/STM32H7xx_HAL_Driver/Src/stm32h7xx_ll_usb.c.obj
                0x000000000800450c                USB_DevDisconnect
 .text.Reset_Handler
                0x0000000008004528       0x50 CMakeFiles/NUCLEO-H7.elf.dir/startup/startup_stm32h743xx.s.obj
                0x0000000008004528                Reset_Handler
 .text.Default_Handler
                0x0000000008004578        0x2 CMakeFiles/NUCLEO-H7.elf.dir/startup/startup_stm32h743xx.s.obj
                0x0000000008004578                RTC_Alarm_IRQHandler
                0x0000000008004578                EXTI2_IRQHandler
                0x0000000008004578                TIM8_CC_IRQHandler
                0x0000000008004578                HRTIM1_Master_IRQHandler
                0x0000000008004578                UART8_IRQHandler
                0x0000000008004578                SPI4_IRQHandler
                0x0000000008004578                TIM1_CC_IRQHandler
                0x0000000008004578                BDMA_Channel6_IRQHandler
                0x0000000008004578                DMA2_Stream5_IRQHandler
                0x0000000008004578                HRTIM1_FLT_IRQHandler
                0x0000000008004578                JPEG_IRQHandler
                0x0000000008004578                DMA1_Stream5_IRQHandler
                0x0000000008004578                BDMA_Channel1_IRQHandler
                0x0000000008004578                HRTIM1_TIMD_IRQHandler
                0x0000000008004578                TAMP_STAMP_IRQHandler
                0x0000000008004578                EXTI3_IRQHandler
                0x0000000008004578                LPTIM4_IRQHandler
                0x0000000008004578                TIM8_TRG_COM_TIM14_IRQHandler
                0x0000000008004578                LPTIM2_IRQHandler
                0x0000000008004578                DFSDM1_FLT1_IRQHandler
                0x0000000008004578                DMAMUX2_OVR_IRQHandler
                0x0000000008004578                TIM8_UP_TIM13_IRQHandler
                0x0000000008004578                I2C3_ER_IRQHandler
                0x0000000008004578                DFSDM1_FLT2_IRQHandler
                0x0000000008004578                MDMA_IRQHandler
                0x0000000008004578                LPTIM3_IRQHandler
                0x0000000008004578                HSEM1_IRQHandler
                0x0000000008004578                EXTI0_IRQHandler
                0x0000000008004578                I2C2_EV_IRQHandler
                0x0000000008004578                DMA1_Stream2_IRQHandler
                0x0000000008004578                FPU_IRQHandler
                0x0000000008004578                OTG_HS_WKUP_IRQHandler
                0x0000000008004578                FDCAN1_IT1_IRQHandler
                0x0000000008004578                LTDC_ER_IRQHandler
                0x0000000008004578                DMA2_Stream2_IRQHandler
                0x0000000008004578                HRTIM1_TIME_IRQHandler
                0x0000000008004578                SPI1_IRQHandler
                0x0000000008004578                TIM6_DAC_IRQHandler
                0x0000000008004578                DCMI_IRQHandler
                0x0000000008004578                HRTIM1_TIMC_IRQHandler
                0x0000000008004578                DMA2_Stream3_IRQHandler
                0x0000000008004578                SAI2_IRQHandler
                0x0000000008004578                DFSDM1_FLT3_IRQHandler
                0x0000000008004578                USART6_IRQHandler
                0x0000000008004578                TIM17_IRQHandler
                0x0000000008004578                USART3_IRQHandler
                0x0000000008004578                BDMA_Channel7_IRQHandler
                0x0000000008004578                LPTIM5_IRQHandler
                0x0000000008004578                UART5_IRQHandler
                0x0000000008004578                ADC3_IRQHandler
                0x0000000008004578                DMA2_Stream0_IRQHandler
                0x0000000008004578                TIM4_IRQHandler
                0x0000000008004578                BDMA_Channel2_IRQHandler
                0x0000000008004578                QUADSPI_IRQHandler
                0x0000000008004578                I2C1_EV_IRQHandler
                0x0000000008004578                DMA1_Stream6_IRQHandler
                0x0000000008004578                DMAMUX1_OVR_IRQHandler
                0x0000000008004578                DMA1_Stream1_IRQHandler
                0x0000000008004578                TIM16_IRQHandler
                0x0000000008004578                UART4_IRQHandler
                0x0000000008004578                BDMA_Channel5_IRQHandler
                0x0000000008004578                TIM3_IRQHandler
                0x0000000008004578                RCC_IRQHandler
                0x0000000008004578                TIM8_BRK_TIM12_IRQHandler
                0x0000000008004578                TIM1_TRG_COM_IRQHandler
                0x0000000008004578                Default_Handler
                0x0000000008004578                ECC_IRQHandler
                0x0000000008004578                CEC_IRQHandler
                0x0000000008004578                EXTI15_10_IRQHandler
                0x0000000008004578                BDMA_Channel0_IRQHandler
                0x0000000008004578                ADC_IRQHandler
                0x0000000008004578                DMA1_Stream7_IRQHandler
                0x0000000008004578                HRTIM1_TIMA_IRQHandler
                0x0000000008004578                SPI5_IRQHandler
                0x0000000008004578                TIM7_IRQHandler
                0x0000000008004578                SDMMC1_IRQHandler
                0x0000000008004578                TIM5_IRQHandler
                0x0000000008004578                DMA2_Stream7_IRQHandler
                0x0000000008004578                TIM15_IRQHandler
                0x0000000008004578                PVD_AVD_IRQHandler
                0x0000000008004578                I2C3_EV_IRQHandler
                0x0000000008004578                EXTI9_5_IRQHandler
                0x0000000008004578                RTC_WKUP_IRQHandler
                0x0000000008004578                LTDC_IRQHandler
                0x0000000008004578                SAI3_IRQHandler
                0x0000000008004578                ETH_WKUP_IRQHandler
                0x0000000008004578                SPDIF_RX_IRQHandler
                0x0000000008004578                SPI2_IRQHandler
                0x0000000008004578                OTG_HS_EP1_IN_IRQHandler
                0x0000000008004578                DMA1_Stream0_IRQHandler
                0x0000000008004578                CRS_IRQHandler
                0x0000000008004578                EXTI4_IRQHandler
                0x0000000008004578                RNG_IRQHandler
                0x0000000008004578                HRTIM1_TIMB_IRQHandler
                0x0000000008004578                FDCAN2_IT1_IRQHandler
                0x0000000008004578                ETH_IRQHandler
                0x0000000008004578                TIM1_UP_IRQHandler
                0x0000000008004578                BDMA_Channel4_IRQHandler
                0x0000000008004578                OTG_HS_EP1_OUT_IRQHandler
                0x0000000008004578                WWDG_IRQHandler
                0x0000000008004578                SPI6_IRQHandler
                0x0000000008004578                MDIOS_IRQHandler
                0x0000000008004578                I2C4_EV_IRQHandler
                0x0000000008004578                FDCAN2_IT0_IRQHandler
                0x0000000008004578                LPUART1_IRQHandler
                0x0000000008004578                FDCAN1_IT0_IRQHandler
                0x0000000008004578                TIM2_IRQHandler
                0x0000000008004578                OTG_FS_WKUP_IRQHandler
                0x0000000008004578                OTG_HS_IRQHandler
                0x0000000008004578                DMA2D_IRQHandler
                0x0000000008004578                TIM1_BRK_IRQHandler
                0x0000000008004578                EXTI1_IRQHandler
                0x0000000008004578                SDMMC2_IRQHandler
                0x0000000008004578                OTG_FS_EP1_OUT_IRQHandler
                0x0000000008004578                BDMA_Channel3_IRQHandler
                0x0000000008004578                UART7_IRQHandler
                0x0000000008004578                MDIOS_WKUP_IRQHandler
                0x0000000008004578                USART2_IRQHandler
                0x0000000008004578                DFSDM1_FLT0_IRQHandler
                0x0000000008004578                SAI4_IRQHandler
                0x0000000008004578                I2C2_ER_IRQHandler
                0x0000000008004578                DMA2_Stream1_IRQHandler
                0x0000000008004578                FLASH_IRQHandler
                0x0000000008004578                DMA2_Stream4_IRQHandler
                0x0000000008004578                USART1_IRQHandler
                0x0000000008004578                OTG_FS_IRQHandler
                0x0000000008004578                SPI3_IRQHandler
                0x0000000008004578                WAKEUP_PIN_IRQHandler
                0x0000000008004578                DMA1_Stream4_IRQHandler
                0x0000000008004578                OTG_FS_EP1_IN_IRQHandler
                0x0000000008004578                I2C1_ER_IRQHandler
                0x0000000008004578                FMC_IRQHandler
                0x0000000008004578                FDCAN_CAL_IRQHandler
                0x0000000008004578                SWPMI1_IRQHandler
                0x0000000008004578                COMP1_IRQHandler
                0x0000000008004578                LPTIM1_IRQHandler
                0x0000000008004578                I2C4_ER_IRQHandler
                0x0000000008004578                DMA2_Stream6_IRQHandler
                0x0000000008004578                SAI1_IRQHandler
                0x0000000008004578                DMA1_Stream3_IRQHandler
 *fill*         0x000000000800457a        0x2 
 .text.__libc_init_array
                0x000000000800457c       0x48 /home/lightp/stm32/tools/gcc-arm-none-eabi-10-2020-q4-major/bin/../lib/gcc/arm-none-eabi/10.2.1/../../../../arm-none-eabi/lib/thumb/v7e-m/nofp/libg.a(lib_a-init.o)
                0x000000000800457c                __libc_init_array
 .text.memset   0x00000000080045c4       0xa4 /home/lightp/stm32/tools/gcc-arm-none-eabi-10-2020-q4-major/bin/../lib/gcc/arm-none-eabi/10.2.1/../../../../arm-none-eabi/lib/thumb/v7e-m/nofp/libg.a(lib_a-memset.o)
                0x00000000080045c4                memset
 .text.startup.register_fini
                0x0000000008004668       0x14 /home/lightp/stm32/tools/gcc-arm-none-eabi-10-2020-q4-major/bin/../lib/gcc/arm-none-eabi/10.2.1/../../../../arm-none-eabi/lib/thumb/v7e-m/nofp/libg.a(lib_a-__call_atexit.o)
 .text.atexit   0x000000000800467c        0xc /home/lightp/stm32/tools/gcc-arm-none-eabi-10-2020-q4-major/bin/../lib/gcc/arm-none-eabi/10.2.1/../../../../arm-none-eabi/lib/thumb/v7e-m/nofp/libg.a(lib_a-atexit.o)
                0x000000000800467c                atexit
 .text.__libc_fini_array
                0x0000000008004688       0x2c /home/lightp/stm32/tools/gcc-arm-none-eabi-10-2020-q4-major/bin/../lib/gcc/arm-none-eabi/10.2.1/../../../../arm-none-eabi/lib/thumb/v7e-m/nofp/libg.a(lib_a-fini.o)
                0x0000000008004688                __libc_fini_array
 .text.__retarget_lock_acquire_recursive
                0x00000000080046b4        0x4 /home/lightp/stm32/tools/gcc-arm-none-eabi-10-2020-q4-major/bin/../lib/gcc/arm-none-eabi/10.2.1/../../../../arm-none-eabi/lib/thumb/v7e-m/nofp/libg.a(lib_a-lock.o)
                0x00000000080046b4                __retarget_lock_acquire_recursive
 .text.__retarget_lock_release_recursive
                0x00000000080046b8        0x4 /home/lightp/stm32/tools/gcc-arm-none-eabi-10-2020-q4-major/bin/../lib/gcc/arm-none-eabi/10.2.1/../../../../arm-none-eabi/lib/thumb/v7e-m/nofp/libg.a(lib_a-lock.o)
                0x00000000080046b8                __retarget_lock_release_recursive
 .text.__register_exitproc
                0x00000000080046bc       0x8c /home/lightp/stm32/tools/gcc-arm-none-eabi-10-2020-q4-major/bin/../lib/gcc/arm-none-eabi/10.2.1/../../../../arm-none-eabi/lib/thumb/v7e-m/nofp/libg.a(lib_a-__atexit.o)
                0x00000000080046bc                __register_exitproc
 *(.glue_7)
 .glue_7        0x0000000008004748        0x0 linker stubs
 *(.glue_7t)
 .glue_7t       0x0000000008004748        0x0 linker stubs
 *(.eh_frame)
 .eh_frame      0x0000000008004748        0x0 /home/lightp/stm32/tools/gcc-arm-none-eabi-10-2020-q4-major/bin/../lib/gcc/arm-none-eabi/10.2.1/thumb/v7e-m/nofp/crtbegin.o
 *(.init)
 .init          0x0000000008004748        0x4 /home/lightp/stm32/tools/gcc-arm-none-eabi-10-2020-q4-major/bin/../lib/gcc/arm-none-eabi/10.2.1/thumb/v7e-m/nofp/crti.o
                0x0000000008004748                _init
 .init          0x000000000800474c        0x8 /home/lightp/stm32/tools/gcc-arm-none-eabi-10-2020-q4-major/bin/../lib/gcc/arm-none-eabi/10.2.1/thumb/v7e-m/nofp/crtn.o
 *(.fini)
 .fini          0x0000000008004754        0x4 /home/lightp/stm32/tools/gcc-arm-none-eabi-10-2020-q4-major/bin/../lib/gcc/arm-none-eabi/10.2.1/thumb/v7e-m/nofp/crti.o
                0x0000000008004754                _fini
 .fini          0x0000000008004758        0x8 /home/lightp/stm32/tools/gcc-arm-none-eabi-10-2020-q4-major/bin/../lib/gcc/arm-none-eabi/10.2.1/thumb/v7e-m/nofp/crtn.o
                0x0000000008004760                . = ALIGN (0x4)
                0x0000000008004760                _etext = .

.vfp11_veneer   0x0000000008004760        0x0
 .vfp11_veneer  0x0000000008004760        0x0 linker stubs

.v4_bx          0x0000000008004760        0x0
 .v4_bx         0x0000000008004760        0x0 linker stubs

.iplt           0x0000000008004760        0x0
 .iplt          0x0000000008004760        0x0 /home/lightp/stm32/tools/gcc-arm-none-eabi-10-2020-q4-major/bin/../lib/gcc/arm-none-eabi/10.2.1/thumb/v7e-m/nofp/crtbegin.o

.rodata         0x0000000008004760       0x3c
                0x0000000008004760                . = ALIGN (0x4)
 *(.rodata)
 *(.rodata*)
 .rodata.D1CorePrescTable
                0x0000000008004760       0x10 CMakeFiles/NUCLEO-H7.elf.dir/Core/Src/system_stm32h7xx.c.obj
                0x0000000008004760                D1CorePrescTable
 .rodata.UARTPrescTable
                0x0000000008004770       0x18 CMakeFiles/NUCLEO-H7.elf.dir/Drivers/STM32H7xx_HAL_Driver/Src/stm32h7xx_hal_uart.c.obj
                0x0000000008004770                UARTPrescTable
 .rodata.denominator.0
                0x0000000008004788        0x8 CMakeFiles/NUCLEO-H7.elf.dir/Drivers/STM32H7xx_HAL_Driver/Src/stm32h7xx_hal_uart_ex.c.obj
 .rodata.numerator.1
                0x0000000008004790        0x8 CMakeFiles/NUCLEO-H7.elf.dir/Drivers/STM32H7xx_HAL_Driver/Src/stm32h7xx_hal_uart_ex.c.obj
 .rodata._global_impure_ptr
                0x0000000008004798        0x4 /home/lightp/stm32/tools/gcc-arm-none-eabi-10-2020-q4-major/bin/../lib/gcc/arm-none-eabi/10.2.1/../../../../arm-none-eabi/lib/thumb/v7e-m/nofp/libg.a(lib_a-impure.o)
                0x0000000008004798                _global_impure_ptr
                0x000000000800479c                . = ALIGN (0x4)

.ARM.extab
 *(.ARM.extab* .gnu.linkonce.armextab.*)

.ARM            0x000000000800479c        0x8
                0x000000000800479c                __exidx_start = .
 *(.ARM.exidx*)
 .ARM.exidx     0x000000000800479c        0x8 /home/lightp/stm32/tools/gcc-arm-none-eabi-10-2020-q4-major/bin/../lib/gcc/arm-none-eabi/10.2.1/thumb/v7e-m/nofp/libgcc.a(_udivmoddi4.o)
                0x00000000080047a4                __exidx_end = .

.rel.dyn        0x00000000080047a4        0x0
 .rel.iplt      0x00000000080047a4        0x0 /home/lightp/stm32/tools/gcc-arm-none-eabi-10-2020-q4-major/bin/../lib/gcc/arm-none-eabi/10.2.1/thumb/v7e-m/nofp/crtbegin.o

.preinit_array  0x00000000080047a4        0x0
                0x00000000080047a4                PROVIDE (__preinit_array_start = .)
 *(.preinit_array*)
                0x00000000080047a4                PROVIDE (__preinit_array_end = .)

.init_array     0x00000000080047a4        0x8
                0x00000000080047a4                PROVIDE (__init_array_start = .)
 *(SORT_BY_NAME(.init_array.*))
 .init_array.00000
                0x00000000080047a4        0x4 /home/lightp/stm32/tools/gcc-arm-none-eabi-10-2020-q4-major/bin/../lib/gcc/arm-none-eabi/10.2.1/../../../../arm-none-eabi/lib/thumb/v7e-m/nofp/libg.a(lib_a-__call_atexit.o)
 *(.init_array*)
 .init_array    0x00000000080047a8        0x4 /home/lightp/stm32/tools/gcc-arm-none-eabi-10-2020-q4-major/bin/../lib/gcc/arm-none-eabi/10.2.1/thumb/v7e-m/nofp/crtbegin.o
                0x00000000080047ac                PROVIDE (__init_array_end = .)

.fini_array     0x00000000080047ac        0x4
                0x00000000080047ac                PROVIDE (__fini_array_start = .)
 *(SORT_BY_NAME(.fini_array.*))
 *(.fini_array*)
 .fini_array    0x00000000080047ac        0x4 /home/lightp/stm32/tools/gcc-arm-none-eabi-10-2020-q4-major/bin/../lib/gcc/arm-none-eabi/10.2.1/thumb/v7e-m/nofp/crtbegin.o
                0x00000000080047b0                PROVIDE (__fini_array_end = .)
                0x00000000080047b0                _sidata = LOADADDR (.data)

.data           0x0000000020000000      0x43c load address 0x00000000080047b0
                0x0000000020000000                . = ALIGN (0x4)
                0x0000000020000000                _sdata = .
 *(.data)
 *(.data*)
 .data.SystemCoreClock
                0x0000000020000000        0x4 CMakeFiles/NUCLEO-H7.elf.dir/Core/Src/system_stm32h7xx.c.obj
                0x0000000020000000                SystemCoreClock
 .data.SystemD2Clock
                0x0000000020000004        0x4 CMakeFiles/NUCLEO-H7.elf.dir/Core/Src/system_stm32h7xx.c.obj
                0x0000000020000004                SystemD2Clock
 .data.uwTickFreq
                0x0000000020000008        0x1 CMakeFiles/NUCLEO-H7.elf.dir/Drivers/STM32H7xx_HAL_Driver/Src/stm32h7xx_hal.c.obj
                0x0000000020000008                uwTickFreq
 *fill*         0x0000000020000009        0x3 
 .data.uwTickPrio
                0x000000002000000c        0x4 CMakeFiles/NUCLEO-H7.elf.dir/Drivers/STM32H7xx_HAL_Driver/Src/stm32h7xx_hal.c.obj
                0x000000002000000c                uwTickPrio
 .data.impure_data
                0x0000000020000010      0x428 /home/lightp/stm32/tools/gcc-arm-none-eabi-10-2020-q4-major/bin/../lib/gcc/arm-none-eabi/10.2.1/../../../../arm-none-eabi/lib/thumb/v7e-m/nofp/libg.a(lib_a-impure.o)
 .data.__atexit_recursive_mutex
                0x0000000020000438        0x4 /home/lightp/stm32/tools/gcc-arm-none-eabi-10-2020-q4-major/bin/../lib/gcc/arm-none-eabi/10.2.1/../../../../arm-none-eabi/lib/thumb/v7e-m/nofp/libg.a(lib_a-__call_atexit.o)
                0x0000000020000438                __atexit_recursive_mutex
                0x000000002000043c                . = ALIGN (0x4)
                0x000000002000043c                _edata = .

.igot.plt       0x000000002000043c        0x0 load address 0x0000000008004bec
 .igot.plt      0x000000002000043c        0x0 /home/lightp/stm32/tools/gcc-arm-none-eabi-10-2020-q4-major/bin/../lib/gcc/arm-none-eabi/10.2.1/thumb/v7e-m/nofp/crtbegin.o

.RxDecripSection
                0x000000002000043c       0x60 load address 0x0000000008004bec
 .RxDecripSection
                0x000000002000043c       0x60 CMakeFiles/NUCLEO-H7.elf.dir/Core/Src/eth.c.obj
                0x000000002000043c                DMARxDscrTab

.TxDecripSection
                0x000000002000049c       0x60 load address 0x0000000008004c4c
 .TxDecripSection
                0x000000002000049c       0x60 CMakeFiles/NUCLEO-H7.elf.dir/Core/Src/eth.c.obj
                0x000000002000049c                DMATxDscrTab
                0x00000000200004fc                . = ALIGN (0x4)

.bss            0x00000000200004fc      0x578 load address 0x0000000008004cac
                0x00000000200004fc                _sbss = .
                0x00000000200004fc                __bss_start__ = _sbss
 *(.bss)
 .bss           0x00000000200004fc       0x1c /home/lightp/stm32/tools/gcc-arm-none-eabi-10-2020-q4-major/bin/../lib/gcc/arm-none-eabi/10.2.1/thumb/v7e-m/nofp/crtbegin.o
 *(.bss*)
 .bss.TxConfig  0x0000000020000518       0x34 CMakeFiles/NUCLEO-H7.elf.dir/Core/Src/eth.c.obj
                0x0000000020000518                TxConfig
 .bss.heth      0x000000002000054c       0x88 CMakeFiles/NUCLEO-H7.elf.dir/Core/Src/eth.c.obj
                0x000000002000054c                heth
 .bss.huart3    0x00000000200005d4       0x90 CMakeFiles/NUCLEO-H7.elf.dir/Core/Src/usart.c.obj
                0x00000000200005d4                huart3
 .bss.hpcd_USB_OTG_FS
                0x0000000020000664      0x408 CMakeFiles/NUCLEO-H7.elf.dir/Core/Src/usb_otg.c.obj
                0x0000000020000664                hpcd_USB_OTG_FS
 .bss.uwTick    0x0000000020000a6c        0x4 CMakeFiles/NUCLEO-H7.elf.dir/Drivers/STM32H7xx_HAL_Driver/Src/stm32h7xx_hal.c.obj
                0x0000000020000a6c                uwTick
 .bss.__lock___atexit_recursive_mutex
                0x0000000020000a70        0x1 /home/lightp/stm32/tools/gcc-arm-none-eabi-10-2020-q4-major/bin/../lib/gcc/arm-none-eabi/10.2.1/../../../../arm-none-eabi/lib/thumb/v7e-m/nofp/libg.a(lib_a-lock.o)
                0x0000000020000a70                __lock___atexit_recursive_mutex
 *(COMMON)
                0x0000000020000a74                . = ALIGN (0x4)
 *fill*         0x0000000020000a71        0x3 
                0x0000000020000a74                _ebss = .
                0x0000000020000a74                __bss_end__ = _ebss

._user_heap_stack
                0x0000000020000a74      0x604 load address 0x0000000008004cac
                0x0000000020000a78                . = ALIGN (0x8)
 *fill*         0x0000000020000a74        0x4 
                0x0000000020000a78                PROVIDE (end = .)
                [!provide]                        PROVIDE (_end = .)
                0x0000000020000c78                . = (. + _Min_Heap_Size)
 *fill*         0x0000000020000a78      0x200 
                0x0000000020001078                . = (. + _Min_Stack_Size)
 *fill*         0x0000000020000c78      0x400 
                0x0000000020001078                . = ALIGN (0x8)

/DISCARD/
 libc.a(*)
 libm.a(*)
 libgcc.a(*)

.ARM.attributes
                0x0000000000000000       0x2a
 *(.ARM.attributes)
 .ARM.attributes
                0x0000000000000000       0x1e /home/lightp/stm32/tools/gcc-arm-none-eabi-10-2020-q4-major/bin/../lib/gcc/arm-none-eabi/10.2.1/thumb/v7e-m/nofp/crti.o
 .ARM.attributes
                0x000000000000001e       0x2e /home/lightp/stm32/tools/gcc-arm-none-eabi-10-2020-q4-major/bin/../lib/gcc/arm-none-eabi/10.2.1/thumb/v7e-m/nofp/crtbegin.o
 .ARM.attributes
                0x000000000000004c       0x2e CMakeFiles/NUCLEO-H7.elf.dir/Core/Src/eth.c.obj
 .ARM.attributes
                0x000000000000007a       0x2e CMakeFiles/NUCLEO-H7.elf.dir/Core/Src/gpio.c.obj
 .ARM.attributes
                0x00000000000000a8       0x2e CMakeFiles/NUCLEO-H7.elf.dir/Core/Src/main.c.obj
 .ARM.attributes
                0x00000000000000d6       0x2e CMakeFiles/NUCLEO-H7.elf.dir/Core/Src/stm32h7xx_hal_msp.c.obj
 .ARM.attributes
                0x0000000000000104       0x2e CMakeFiles/NUCLEO-H7.elf.dir/Core/Src/stm32h7xx_it.c.obj
 .ARM.attributes
                0x0000000000000132       0x2e CMakeFiles/NUCLEO-H7.elf.dir/Core/Src/system_stm32h7xx.c.obj
 .ARM.attributes
                0x0000000000000160       0x2e CMakeFiles/NUCLEO-H7.elf.dir/Core/Src/usart.c.obj
 .ARM.attributes
                0x000000000000018e       0x2e CMakeFiles/NUCLEO-H7.elf.dir/Core/Src/usb_otg.c.obj
 .ARM.attributes
                0x00000000000001bc       0x2e CMakeFiles/NUCLEO-H7.elf.dir/Drivers/STM32H7xx_HAL_Driver/Src/stm32h7xx_hal.c.obj
 .ARM.attributes
                0x00000000000001ea       0x2e CMakeFiles/NUCLEO-H7.elf.dir/Drivers/STM32H7xx_HAL_Driver/Src/stm32h7xx_hal_cortex.c.obj
 .ARM.attributes
                0x0000000000000218       0x2e CMakeFiles/NUCLEO-H7.elf.dir/Drivers/STM32H7xx_HAL_Driver/Src/stm32h7xx_hal_eth.c.obj
 .ARM.attributes
                0x0000000000000246       0x2e CMakeFiles/NUCLEO-H7.elf.dir/Drivers/STM32H7xx_HAL_Driver/Src/stm32h7xx_hal_gpio.c.obj
 .ARM.attributes
                0x0000000000000274       0x2e CMakeFiles/NUCLEO-H7.elf.dir/Drivers/STM32H7xx_HAL_Driver/Src/stm32h7xx_hal_pcd.c.obj
 .ARM.attributes
                0x00000000000002a2       0x2e CMakeFiles/NUCLEO-H7.elf.dir/Drivers/STM32H7xx_HAL_Driver/Src/stm32h7xx_hal_pcd_ex.c.obj
 .ARM.attributes
                0x00000000000002d0       0x2e CMakeFiles/NUCLEO-H7.elf.dir/Drivers/STM32H7xx_HAL_Driver/Src/stm32h7xx_hal_pwr_ex.c.obj
 .ARM.attributes
                0x00000000000002fe       0x2e CMakeFiles/NUCLEO-H7.elf.dir/Drivers/STM32H7xx_HAL_Driver/Src/stm32h7xx_hal_rcc.c.obj
 .ARM.attributes
                0x000000000000032c       0x2e CMakeFiles/NUCLEO-H7.elf.dir/Drivers/STM32H7xx_HAL_Driver/Src/stm32h7xx_hal_rcc_ex.c.obj
 .ARM.attributes
                0x000000000000035a       0x2e CMakeFiles/NUCLEO-H7.elf.dir/Drivers/STM32H7xx_HAL_Driver/Src/stm32h7xx_hal_uart.c.obj
 .ARM.attributes
                0x0000000000000388       0x2e CMakeFiles/NUCLEO-H7.elf.dir/Drivers/STM32H7xx_HAL_Driver/Src/stm32h7xx_hal_uart_ex.c.obj
 .ARM.attributes
                0x00000000000003b6       0x2e CMakeFiles/NUCLEO-H7.elf.dir/Drivers/STM32H7xx_HAL_Driver/Src/stm32h7xx_ll_usb.c.obj
 .ARM.attributes
                0x00000000000003e4       0x21 CMakeFiles/NUCLEO-H7.elf.dir/startup/startup_stm32h743xx.s.obj
 .ARM.attributes
                0x0000000000000405       0x1e /home/lightp/stm32/tools/gcc-arm-none-eabi-10-2020-q4-major/bin/../lib/gcc/arm-none-eabi/10.2.1/thumb/v7e-m/nofp/libgcc.a(_arm_addsubsf3.o)
 .ARM.attributes
                0x0000000000000423       0x1e /home/lightp/stm32/tools/gcc-arm-none-eabi-10-2020-q4-major/bin/../lib/gcc/arm-none-eabi/10.2.1/thumb/v7e-m/nofp/libgcc.a(_arm_muldivsf3.o)
 .ARM.attributes
                0x0000000000000441       0x1e /home/lightp/stm32/tools/gcc-arm-none-eabi-10-2020-q4-major/bin/../lib/gcc/arm-none-eabi/10.2.1/thumb/v7e-m/nofp/libgcc.a(_arm_fixunssfsi.o)
 .ARM.attributes
                0x000000000000045f       0x1e /home/lightp/stm32/tools/gcc-arm-none-eabi-10-2020-q4-major/bin/../lib/gcc/arm-none-eabi/10.2.1/thumb/v7e-m/nofp/libgcc.a(_aeabi_uldivmod.o)
 .ARM.attributes
                0x000000000000047d       0x2e /home/lightp/stm32/tools/gcc-arm-none-eabi-10-2020-q4-major/bin/../lib/gcc/arm-none-eabi/10.2.1/thumb/v7e-m/nofp/libgcc.a(_udivmoddi4.o)
 .ARM.attributes
                0x00000000000004ab       0x1e /home/lightp/stm32/tools/gcc-arm-none-eabi-10-2020-q4-major/bin/../lib/gcc/arm-none-eabi/10.2.1/thumb/v7e-m/nofp/libgcc.a(_dvmd_tls.o)
 .ARM.attributes
                0x00000000000004c9       0x2e /home/lightp/stm32/tools/gcc-arm-none-eabi-10-2020-q4-major/bin/../lib/gcc/arm-none-eabi/10.2.1/../../../../arm-none-eabi/lib/thumb/v7e-m/nofp/libg.a(lib_a-impure.o)
 .ARM.attributes
                0x00000000000004f7       0x2e /home/lightp/stm32/tools/gcc-arm-none-eabi-10-2020-q4-major/bin/../lib/gcc/arm-none-eabi/10.2.1/../../../../arm-none-eabi/lib/thumb/v7e-m/nofp/libg.a(lib_a-init.o)
 .ARM.attributes
                0x0000000000000525       0x2e /home/lightp/stm32/tools/gcc-arm-none-eabi-10-2020-q4-major/bin/../lib/gcc/arm-none-eabi/10.2.1/../../../../arm-none-eabi/lib/thumb/v7e-m/nofp/libg.a(lib_a-memset.o)
 .ARM.attributes
                0x0000000000000553       0x2e /home/lightp/stm32/tools/gcc-arm-none-eabi-10-2020-q4-major/bin/../lib/gcc/arm-none-eabi/10.2.1/../../../../arm-none-eabi/lib/thumb/v7e-m/nofp/libg.a(lib_a-__call_atexit.o)
 .ARM.attributes
                0x0000000000000581       0x2e /home/lightp/stm32/tools/gcc-arm-none-eabi-10-2020-q4-major/bin/../lib/gcc/arm-none-eabi/10.2.1/../../../../arm-none-eabi/lib/thumb/v7e-m/nofp/libg.a(lib_a-atexit.o)
 .ARM.attributes
                0x00000000000005af       0x2e /home/lightp/stm32/tools/gcc-arm-none-eabi-10-2020-q4-major/bin/../lib/gcc/arm-none-eabi/10.2.1/../../../../arm-none-eabi/lib/thumb/v7e-m/nofp/libg.a(lib_a-fini.o)
 .ARM.attributes
                0x00000000000005dd       0x2e /home/lightp/stm32/tools/gcc-arm-none-eabi-10-2020-q4-major/bin/../lib/gcc/arm-none-eabi/10.2.1/../../../../arm-none-eabi/lib/thumb/v7e-m/nofp/libg.a(lib_a-lock.o)
 .ARM.attributes
                0x000000000000060b       0x2e /home/lightp/stm32/tools/gcc-arm-none-eabi-10-2020-q4-major/bin/../lib/gcc/arm-none-eabi/10.2.1/../../../../arm-none-eabi/lib/thumb/v7e-m/nofp/libg.a(lib_a-__atexit.o)
 .ARM.attributes
                0x0000000000000639       0x1e /home/lightp/stm32/tools/gcc-arm-none-eabi-10-2020-q4-major/bin/../lib/gcc/arm-none-eabi/10.2.1/thumb/v7e-m/nofp/crtn.o
OUTPUT(NUCLEO-H7.elf elf32-littlearm)
LOAD linker stubs
LOAD /home/lightp/stm32/tools/gcc-arm-none-eabi-10-2020-q4-major/bin/../lib/gcc/arm-none-eabi/10.2.1/../../../../arm-none-eabi/lib/thumb/v7e-m/nofp/libc.a
LOAD /home/lightp/stm32/tools/gcc-arm-none-eabi-10-2020-q4-major/bin/../lib/gcc/arm-none-eabi/10.2.1/../../../../arm-none-eabi/lib/thumb/v7e-m/nofp/libm.a
LOAD /home/lightp/stm32/tools/gcc-arm-none-eabi-10-2020-q4-major/bin/../lib/gcc/arm-none-eabi/10.2.1/thumb/v7e-m/nofp/libgcc.a

.debug_info     0x0000000000000000    0x18146
 .debug_info    0x0000000000000000     0x17a9 CMakeFiles/NUCLEO-H7.elf.dir/Core/Src/eth.c.obj
 .debug_info    0x00000000000017a9      0x740 CMakeFiles/NUCLEO-H7.elf.dir/Core/Src/gpio.c.obj
 .debug_info    0x0000000000001ee9      0x710 CMakeFiles/NUCLEO-H7.elf.dir/Core/Src/main.c.obj
 .debug_info    0x00000000000025f9      0x4a0 CMakeFiles/NUCLEO-H7.elf.dir/Core/Src/stm32h7xx_hal_msp.c.obj
 .debug_info    0x0000000000002a99      0x145 CMakeFiles/NUCLEO-H7.elf.dir/Core/Src/stm32h7xx_it.c.obj
 .debug_info    0x0000000000002bde      0xe8f CMakeFiles/NUCLEO-H7.elf.dir/Core/Src/system_stm32h7xx.c.obj
 .debug_info    0x0000000000003a6d     0x1173 CMakeFiles/NUCLEO-H7.elf.dir/Core/Src/usart.c.obj
 .debug_info    0x0000000000004be0      0xfa5 CMakeFiles/NUCLEO-H7.elf.dir/Core/Src/usb_otg.c.obj
 .debug_info    0x0000000000005b85     0x16a0 CMakeFiles/NUCLEO-H7.elf.dir/Drivers/STM32H7xx_HAL_Driver/Src/stm32h7xx_hal.c.obj
 .debug_info    0x0000000000007225     0x13ea CMakeFiles/NUCLEO-H7.elf.dir/Drivers/STM32H7xx_HAL_Driver/Src/stm32h7xx_hal_cortex.c.obj
 .debug_info    0x000000000000860f     0x2ca6 CMakeFiles/NUCLEO-H7.elf.dir/Drivers/STM32H7xx_HAL_Driver/Src/stm32h7xx_hal_eth.c.obj
 .debug_info    0x000000000000b2b5      0xd66 CMakeFiles/NUCLEO-H7.elf.dir/Drivers/STM32H7xx_HAL_Driver/Src/stm32h7xx_hal_gpio.c.obj
 .debug_info    0x000000000000c01b     0x1a1a CMakeFiles/NUCLEO-H7.elf.dir/Drivers/STM32H7xx_HAL_Driver/Src/stm32h7xx_hal_pcd.c.obj
 .debug_info    0x000000000000da35      0xa3b CMakeFiles/NUCLEO-H7.elf.dir/Drivers/STM32H7xx_HAL_Driver/Src/stm32h7xx_hal_pcd_ex.c.obj
 .debug_info    0x000000000000e470     0x122e CMakeFiles/NUCLEO-H7.elf.dir/Drivers/STM32H7xx_HAL_Driver/Src/stm32h7xx_hal_pwr_ex.c.obj
 .debug_info    0x000000000000f69e     0x13a2 CMakeFiles/NUCLEO-H7.elf.dir/Drivers/STM32H7xx_HAL_Driver/Src/stm32h7xx_hal_rcc.c.obj
 .debug_info    0x0000000000010a40     0x1f49 CMakeFiles/NUCLEO-H7.elf.dir/Drivers/STM32H7xx_HAL_Driver/Src/stm32h7xx_hal_rcc_ex.c.obj
 .debug_info    0x0000000000012989     0x28e7 CMakeFiles/NUCLEO-H7.elf.dir/Drivers/STM32H7xx_HAL_Driver/Src/stm32h7xx_hal_uart.c.obj
 .debug_info    0x0000000000015270      0xf4b CMakeFiles/NUCLEO-H7.elf.dir/Drivers/STM32H7xx_HAL_Driver/Src/stm32h7xx_hal_uart_ex.c.obj
 .debug_info    0x00000000000161bb     0x1f69 CMakeFiles/NUCLEO-H7.elf.dir/Drivers/STM32H7xx_HAL_Driver/Src/stm32h7xx_ll_usb.c.obj
 .debug_info    0x0000000000018124       0x22 CMakeFiles/NUCLEO-H7.elf.dir/startup/startup_stm32h743xx.s.obj

.debug_abbrev   0x0000000000000000     0x2b4c
 .debug_abbrev  0x0000000000000000      0x21c CMakeFiles/NUCLEO-H7.elf.dir/Core/Src/eth.c.obj
 .debug_abbrev  0x000000000000021c      0x16e CMakeFiles/NUCLEO-H7.elf.dir/Core/Src/gpio.c.obj
 .debug_abbrev  0x000000000000038a      0x1e8 CMakeFiles/NUCLEO-H7.elf.dir/Core/Src/main.c.obj
 .debug_abbrev  0x0000000000000572       0xd7 CMakeFiles/NUCLEO-H7.elf.dir/Core/Src/stm32h7xx_hal_msp.c.obj
 .debug_abbrev  0x0000000000000649       0x7e CMakeFiles/NUCLEO-H7.elf.dir/Core/Src/stm32h7xx_it.c.obj
 .debug_abbrev  0x00000000000006c7      0x162 CMakeFiles/NUCLEO-H7.elf.dir/Core/Src/system_stm32h7xx.c.obj
 .debug_abbrev  0x0000000000000829      0x204 CMakeFiles/NUCLEO-H7.elf.dir/Core/Src/usart.c.obj
 .debug_abbrev  0x0000000000000a2d      0x203 CMakeFiles/NUCLEO-H7.elf.dir/Core/Src/usb_otg.c.obj
 .debug_abbrev  0x0000000000000c30      0x264 CMakeFiles/NUCLEO-H7.elf.dir/Drivers/STM32H7xx_HAL_Driver/Src/stm32h7xx_hal.c.obj
 .debug_abbrev  0x0000000000000e94      0x37d CMakeFiles/NUCLEO-H7.elf.dir/Drivers/STM32H7xx_HAL_Driver/Src/stm32h7xx_hal_cortex.c.obj
 .debug_abbrev  0x0000000000001211      0x27e CMakeFiles/NUCLEO-H7.elf.dir/Drivers/STM32H7xx_HAL_Driver/Src/stm32h7xx_hal_eth.c.obj
 .debug_abbrev  0x000000000000148f      0x239 CMakeFiles/NUCLEO-H7.elf.dir/Drivers/STM32H7xx_HAL_Driver/Src/stm32h7xx_hal_gpio.c.obj
 .debug_abbrev  0x00000000000016c8      0x2a6 CMakeFiles/NUCLEO-H7.elf.dir/Drivers/STM32H7xx_HAL_Driver/Src/stm32h7xx_hal_pcd.c.obj
 .debug_abbrev  0x000000000000196e      0x26d CMakeFiles/NUCLEO-H7.elf.dir/Drivers/STM32H7xx_HAL_Driver/Src/stm32h7xx_hal_pcd_ex.c.obj
 .debug_abbrev  0x0000000000001bdb      0x29b CMakeFiles/NUCLEO-H7.elf.dir/Drivers/STM32H7xx_HAL_Driver/Src/stm32h7xx_hal_pwr_ex.c.obj
 .debug_abbrev  0x0000000000001e76      0x279 CMakeFiles/NUCLEO-H7.elf.dir/Drivers/STM32H7xx_HAL_Driver/Src/stm32h7xx_hal_rcc.c.obj
 .debug_abbrev  0x00000000000020ef      0x285 CMakeFiles/NUCLEO-H7.elf.dir/Drivers/STM32H7xx_HAL_Driver/Src/stm32h7xx_hal_rcc_ex.c.obj
 .debug_abbrev  0x0000000000002374      0x2b5 CMakeFiles/NUCLEO-H7.elf.dir/Drivers/STM32H7xx_HAL_Driver/Src/stm32h7xx_hal_uart.c.obj
 .debug_abbrev  0x0000000000002629      0x246 CMakeFiles/NUCLEO-H7.elf.dir/Drivers/STM32H7xx_HAL_Driver/Src/stm32h7xx_hal_uart_ex.c.obj
 .debug_abbrev  0x000000000000286f      0x2cb CMakeFiles/NUCLEO-H7.elf.dir/Drivers/STM32H7xx_HAL_Driver/Src/stm32h7xx_ll_usb.c.obj
 .debug_abbrev  0x0000000000002b3a       0x12 CMakeFiles/NUCLEO-H7.elf.dir/startup/startup_stm32h743xx.s.obj

.debug_loc      0x0000000000000000     0xc1bf
 .debug_loc     0x0000000000000000       0x84 CMakeFiles/NUCLEO-H7.elf.dir/Core/Src/eth.c.obj
 .debug_loc     0x0000000000000084      0x21e CMakeFiles/NUCLEO-H7.elf.dir/Core/Src/system_stm32h7xx.c.obj
 .debug_loc     0x00000000000002a2       0x64 CMakeFiles/NUCLEO-H7.elf.dir/Core/Src/usart.c.obj
 .debug_loc     0x0000000000000306       0x9e CMakeFiles/NUCLEO-H7.elf.dir/Core/Src/usb_otg.c.obj
 .debug_loc     0x00000000000003a4      0x3fa CMakeFiles/NUCLEO-H7.elf.dir/Drivers/STM32H7xx_HAL_Driver/Src/stm32h7xx_hal.c.obj
 .debug_loc     0x000000000000079e      0x726 CMakeFiles/NUCLEO-H7.elf.dir/Drivers/STM32H7xx_HAL_Driver/Src/stm32h7xx_hal_cortex.c.obj
 .debug_loc     0x0000000000000ec4     0x1f3a CMakeFiles/NUCLEO-H7.elf.dir/Drivers/STM32H7xx_HAL_Driver/Src/stm32h7xx_hal_eth.c.obj
 .debug_loc     0x0000000000002dfe      0x3c7 CMakeFiles/NUCLEO-H7.elf.dir/Drivers/STM32H7xx_HAL_Driver/Src/stm32h7xx_hal_gpio.c.obj
 .debug_loc     0x00000000000031c5     0x11f8 CMakeFiles/NUCLEO-H7.elf.dir/Drivers/STM32H7xx_HAL_Driver/Src/stm32h7xx_hal_pcd.c.obj
 .debug_loc     0x00000000000043bd      0x236 CMakeFiles/NUCLEO-H7.elf.dir/Drivers/STM32H7xx_HAL_Driver/Src/stm32h7xx_hal_pcd_ex.c.obj
 .debug_loc     0x00000000000045f3      0x4df CMakeFiles/NUCLEO-H7.elf.dir/Drivers/STM32H7xx_HAL_Driver/Src/stm32h7xx_hal_pwr_ex.c.obj
 .debug_loc     0x0000000000004ad2      0x955 CMakeFiles/NUCLEO-H7.elf.dir/Drivers/STM32H7xx_HAL_Driver/Src/stm32h7xx_hal_rcc.c.obj
 .debug_loc     0x0000000000005427     0x1bfb CMakeFiles/NUCLEO-H7.elf.dir/Drivers/STM32H7xx_HAL_Driver/Src/stm32h7xx_hal_rcc_ex.c.obj
 .debug_loc     0x0000000000007022     0x2342 CMakeFiles/NUCLEO-H7.elf.dir/Drivers/STM32H7xx_HAL_Driver/Src/stm32h7xx_hal_uart.c.obj
 .debug_loc     0x0000000000009364      0xa14 CMakeFiles/NUCLEO-H7.elf.dir/Drivers/STM32H7xx_HAL_Driver/Src/stm32h7xx_hal_uart_ex.c.obj
 .debug_loc     0x0000000000009d78     0x2447 CMakeFiles/NUCLEO-H7.elf.dir/Drivers/STM32H7xx_HAL_Driver/Src/stm32h7xx_ll_usb.c.obj

.debug_aranges  0x0000000000000000      0xee8
 .debug_aranges
                0x0000000000000000       0x30 CMakeFiles/NUCLEO-H7.elf.dir/Core/Src/eth.c.obj
 .debug_aranges
                0x0000000000000030       0x20 CMakeFiles/NUCLEO-H7.elf.dir/Core/Src/gpio.c.obj
 .debug_aranges
                0x0000000000000050       0x30 CMakeFiles/NUCLEO-H7.elf.dir/Core/Src/main.c.obj
 .debug_aranges
                0x0000000000000080       0x20 CMakeFiles/NUCLEO-H7.elf.dir/Core/Src/stm32h7xx_hal_msp.c.obj
 .debug_aranges
                0x00000000000000a0       0x60 CMakeFiles/NUCLEO-H7.elf.dir/Core/Src/stm32h7xx_it.c.obj
 .debug_aranges
                0x0000000000000100       0x28 CMakeFiles/NUCLEO-H7.elf.dir/Core/Src/system_stm32h7xx.c.obj
 .debug_aranges
                0x0000000000000128       0x30 CMakeFiles/NUCLEO-H7.elf.dir/Core/Src/usart.c.obj
 .debug_aranges
                0x0000000000000158       0x30 CMakeFiles/NUCLEO-H7.elf.dir/Core/Src/usb_otg.c.obj
 .debug_aranges
                0x0000000000000188      0x198 CMakeFiles/NUCLEO-H7.elf.dir/Drivers/STM32H7xx_HAL_Driver/Src/stm32h7xx_hal.c.obj
 .debug_aranges
                0x0000000000000320       0xb0 CMakeFiles/NUCLEO-H7.elf.dir/Drivers/STM32H7xx_HAL_Driver/Src/stm32h7xx_hal_cortex.c.obj
 .debug_aranges
                0x00000000000003d0      0x1b0 CMakeFiles/NUCLEO-H7.elf.dir/Drivers/STM32H7xx_HAL_Driver/Src/stm32h7xx_hal_eth.c.obj
 .debug_aranges
                0x0000000000000580       0x58 CMakeFiles/NUCLEO-H7.elf.dir/Drivers/STM32H7xx_HAL_Driver/Src/stm32h7xx_hal_gpio.c.obj
 .debug_aranges
                0x00000000000005d8      0x130 CMakeFiles/NUCLEO-H7.elf.dir/Drivers/STM32H7xx_HAL_Driver/Src/stm32h7xx_hal_pcd.c.obj
 .debug_aranges
                0x0000000000000708       0x60 CMakeFiles/NUCLEO-H7.elf.dir/Drivers/STM32H7xx_HAL_Driver/Src/stm32h7xx_hal_pcd_ex.c.obj
 .debug_aranges
                0x0000000000000768      0x158 CMakeFiles/NUCLEO-H7.elf.dir/Drivers/STM32H7xx_HAL_Driver/Src/stm32h7xx_hal_pwr_ex.c.obj
 .debug_aranges
                0x00000000000008c0       0x88 CMakeFiles/NUCLEO-H7.elf.dir/Drivers/STM32H7xx_HAL_Driver/Src/stm32h7xx_hal_rcc.c.obj
 .debug_aranges
                0x0000000000000948       0xf8 CMakeFiles/NUCLEO-H7.elf.dir/Drivers/STM32H7xx_HAL_Driver/Src/stm32h7xx_hal_rcc_ex.c.obj
 .debug_aranges
                0x0000000000000a40      0x248 CMakeFiles/NUCLEO-H7.elf.dir/Drivers/STM32H7xx_HAL_Driver/Src/stm32h7xx_hal_uart.c.obj
 .debug_aranges
                0x0000000000000c88       0xa0 CMakeFiles/NUCLEO-H7.elf.dir/Drivers/STM32H7xx_HAL_Driver/Src/stm32h7xx_hal_uart_ex.c.obj
 .debug_aranges
                0x0000000000000d28      0x198 CMakeFiles/NUCLEO-H7.elf.dir/Drivers/STM32H7xx_HAL_Driver/Src/stm32h7xx_ll_usb.c.obj
 .debug_aranges
                0x0000000000000ec0       0x28 CMakeFiles/NUCLEO-H7.elf.dir/startup/startup_stm32h743xx.s.obj

.debug_ranges   0x0000000000000000      0xed0
 .debug_ranges  0x0000000000000000       0x20 CMakeFiles/NUCLEO-H7.elf.dir/Core/Src/eth.c.obj
 .debug_ranges  0x0000000000000020       0x10 CMakeFiles/NUCLEO-H7.elf.dir/Core/Src/gpio.c.obj
 .debug_ranges  0x0000000000000030       0x20 CMakeFiles/NUCLEO-H7.elf.dir/Core/Src/main.c.obj
 .debug_ranges  0x0000000000000050       0x10 CMakeFiles/NUCLEO-H7.elf.dir/Core/Src/stm32h7xx_hal_msp.c.obj
 .debug_ranges  0x0000000000000060       0x50 CMakeFiles/NUCLEO-H7.elf.dir/Core/Src/stm32h7xx_it.c.obj
 .debug_ranges  0x00000000000000b0       0x18 CMakeFiles/NUCLEO-H7.elf.dir/Core/Src/system_stm32h7xx.c.obj
 .debug_ranges  0x00000000000000c8       0x20 CMakeFiles/NUCLEO-H7.elf.dir/Core/Src/usart.c.obj
 .debug_ranges  0x00000000000000e8       0x20 CMakeFiles/NUCLEO-H7.elf.dir/Core/Src/usb_otg.c.obj
 .debug_ranges  0x0000000000000108      0x188 CMakeFiles/NUCLEO-H7.elf.dir/Drivers/STM32H7xx_HAL_Driver/Src/stm32h7xx_hal.c.obj
 .debug_ranges  0x0000000000000290      0x100 CMakeFiles/NUCLEO-H7.elf.dir/Drivers/STM32H7xx_HAL_Driver/Src/stm32h7xx_hal_cortex.c.obj
 .debug_ranges  0x0000000000000390      0x1a0 CMakeFiles/NUCLEO-H7.elf.dir/Drivers/STM32H7xx_HAL_Driver/Src/stm32h7xx_hal_eth.c.obj
 .debug_ranges  0x0000000000000530       0x48 CMakeFiles/NUCLEO-H7.elf.dir/Drivers/STM32H7xx_HAL_Driver/Src/stm32h7xx_hal_gpio.c.obj
 .debug_ranges  0x0000000000000578      0x120 CMakeFiles/NUCLEO-H7.elf.dir/Drivers/STM32H7xx_HAL_Driver/Src/stm32h7xx_hal_pcd.c.obj
 .debug_ranges  0x0000000000000698       0x50 CMakeFiles/NUCLEO-H7.elf.dir/Drivers/STM32H7xx_HAL_Driver/Src/stm32h7xx_hal_pcd_ex.c.obj
 .debug_ranges  0x00000000000006e8      0x1a8 CMakeFiles/NUCLEO-H7.elf.dir/Drivers/STM32H7xx_HAL_Driver/Src/stm32h7xx_hal_pwr_ex.c.obj
 .debug_ranges  0x0000000000000890       0xe8 CMakeFiles/NUCLEO-H7.elf.dir/Drivers/STM32H7xx_HAL_Driver/Src/stm32h7xx_hal_rcc.c.obj
 .debug_ranges  0x0000000000000978       0xe8 CMakeFiles/NUCLEO-H7.elf.dir/Drivers/STM32H7xx_HAL_Driver/Src/stm32h7xx_hal_rcc_ex.c.obj
 .debug_ranges  0x0000000000000a60      0x238 CMakeFiles/NUCLEO-H7.elf.dir/Drivers/STM32H7xx_HAL_Driver/Src/stm32h7xx_hal_uart.c.obj
 .debug_ranges  0x0000000000000c98       0x90 CMakeFiles/NUCLEO-H7.elf.dir/Drivers/STM32H7xx_HAL_Driver/Src/stm32h7xx_hal_uart_ex.c.obj
 .debug_ranges  0x0000000000000d28      0x188 CMakeFiles/NUCLEO-H7.elf.dir/Drivers/STM32H7xx_HAL_Driver/Src/stm32h7xx_ll_usb.c.obj
 .debug_ranges  0x0000000000000eb0       0x20 CMakeFiles/NUCLEO-H7.elf.dir/startup/startup_stm32h743xx.s.obj

.debug_line     0x0000000000000000     0xfe94
 .debug_line    0x0000000000000000      0x439 CMakeFiles/NUCLEO-H7.elf.dir/Core/Src/eth.c.obj
 .debug_line    0x0000000000000439      0x29d CMakeFiles/NUCLEO-H7.elf.dir/Core/Src/gpio.c.obj
 .debug_line    0x00000000000006d6      0x445 CMakeFiles/NUCLEO-H7.elf.dir/Core/Src/main.c.obj
 .debug_line    0x0000000000000b1b      0x1b1 CMakeFiles/NUCLEO-H7.elf.dir/Core/Src/stm32h7xx_hal_msp.c.obj
 .debug_line    0x0000000000000ccc      0x1c1 CMakeFiles/NUCLEO-H7.elf.dir/Core/Src/stm32h7xx_it.c.obj
 .debug_line    0x0000000000000e8d      0x4b8 CMakeFiles/NUCLEO-H7.elf.dir/Core/Src/system_stm32h7xx.c.obj
 .debug_line    0x0000000000001345      0x414 CMakeFiles/NUCLEO-H7.elf.dir/Core/Src/usart.c.obj
 .debug_line    0x0000000000001759      0x425 CMakeFiles/NUCLEO-H7.elf.dir/Core/Src/usb_otg.c.obj
 .debug_line    0x0000000000001b7e      0x962 CMakeFiles/NUCLEO-H7.elf.dir/Drivers/STM32H7xx_HAL_Driver/Src/stm32h7xx_hal.c.obj
 .debug_line    0x00000000000024e0      0x82d CMakeFiles/NUCLEO-H7.elf.dir/Drivers/STM32H7xx_HAL_Driver/Src/stm32h7xx_hal_cortex.c.obj
 .debug_line    0x0000000000002d0d     0x209f CMakeFiles/NUCLEO-H7.elf.dir/Drivers/STM32H7xx_HAL_Driver/Src/stm32h7xx_hal_eth.c.obj
 .debug_line    0x0000000000004dac      0x725 CMakeFiles/NUCLEO-H7.elf.dir/Drivers/STM32H7xx_HAL_Driver/Src/stm32h7xx_hal_gpio.c.obj
 .debug_line    0x00000000000054d1     0x13eb CMakeFiles/NUCLEO-H7.elf.dir/Drivers/STM32H7xx_HAL_Driver/Src/stm32h7xx_hal_pcd.c.obj
 .debug_line    0x00000000000068bc      0x513 CMakeFiles/NUCLEO-H7.elf.dir/Drivers/STM32H7xx_HAL_Driver/Src/stm32h7xx_hal_pcd_ex.c.obj
 .debug_line    0x0000000000006dcf      0xb22 CMakeFiles/NUCLEO-H7.elf.dir/Drivers/STM32H7xx_HAL_Driver/Src/stm32h7xx_hal_pwr_ex.c.obj
 .debug_line    0x00000000000078f1     0x1258 CMakeFiles/NUCLEO-H7.elf.dir/Drivers/STM32H7xx_HAL_Driver/Src/stm32h7xx_hal_rcc.c.obj
 .debug_line    0x0000000000008b49     0x1dd2 CMakeFiles/NUCLEO-H7.elf.dir/Drivers/STM32H7xx_HAL_Driver/Src/stm32h7xx_hal_rcc_ex.c.obj
 .debug_line    0x000000000000a91b     0x2d36 CMakeFiles/NUCLEO-H7.elf.dir/Drivers/STM32H7xx_HAL_Driver/Src/stm32h7xx_hal_uart.c.obj
 .debug_line    0x000000000000d651      0xb39 CMakeFiles/NUCLEO-H7.elf.dir/Drivers/STM32H7xx_HAL_Driver/Src/stm32h7xx_hal_uart_ex.c.obj
 .debug_line    0x000000000000e18a     0x1c67 CMakeFiles/NUCLEO-H7.elf.dir/Drivers/STM32H7xx_HAL_Driver/Src/stm32h7xx_ll_usb.c.obj
 .debug_line    0x000000000000fdf1       0xa3 CMakeFiles/NUCLEO-H7.elf.dir/startup/startup_stm32h743xx.s.obj

.debug_str      0x0000000000000000     0x697f
 .debug_str     0x0000000000000000      0xd49 CMakeFiles/NUCLEO-H7.elf.dir/Core/Src/eth.c.obj
                                        0xe3e (size before relaxing)
 .debug_str     0x0000000000000d49       0x70 CMakeFiles/NUCLEO-H7.elf.dir/Core/Src/gpio.c.obj
                                        0x4db (size before relaxing)
 .debug_str     0x0000000000000db9      0x2e2 CMakeFiles/NUCLEO-H7.elf.dir/Core/Src/main.c.obj
                                        0x532 (size before relaxing)
 .debug_str     0x000000000000109b       0x4e CMakeFiles/NUCLEO-H7.elf.dir/Core/Src/stm32h7xx_hal_msp.c.obj
                                        0x42a (size before relaxing)
 .debug_str     0x00000000000010e9       0xd9 CMakeFiles/NUCLEO-H7.elf.dir/Core/Src/stm32h7xx_it.c.obj
                                        0x277 (size before relaxing)
 .debug_str     0x00000000000011c2      0x394 CMakeFiles/NUCLEO-H7.elf.dir/Core/Src/system_stm32h7xx.c.obj
                                        0x7a9 (size before relaxing)
 .debug_str     0x0000000000001556      0x8d3 CMakeFiles/NUCLEO-H7.elf.dir/Core/Src/usart.c.obj
                                        0xe6a (size before relaxing)
 .debug_str     0x0000000000001e29      0x421 CMakeFiles/NUCLEO-H7.elf.dir/Core/Src/usb_otg.c.obj
                                        0xccc (size before relaxing)
 .debug_str     0x000000000000224a      0xf6a CMakeFiles/NUCLEO-H7.elf.dir/Drivers/STM32H7xx_HAL_Driver/Src/stm32h7xx_hal.c.obj
                                       0x14e8 (size before relaxing)
 .debug_str     0x00000000000031b4      0x486 CMakeFiles/NUCLEO-H7.elf.dir/Drivers/STM32H7xx_HAL_Driver/Src/stm32h7xx_hal_cortex.c.obj
                                       0x1080 (size before relaxing)
 .debug_str     0x000000000000363a      0xb7d CMakeFiles/NUCLEO-H7.elf.dir/Drivers/STM32H7xx_HAL_Driver/Src/stm32h7xx_hal_eth.c.obj
                                       0x19c8 (size before relaxing)
 .debug_str     0x00000000000041b7      0x10a CMakeFiles/NUCLEO-H7.elf.dir/Drivers/STM32H7xx_HAL_Driver/Src/stm32h7xx_hal_gpio.c.obj
                                        0x70c (size before relaxing)
 .debug_str     0x00000000000042c1      0x7b0 CMakeFiles/NUCLEO-H7.elf.dir/Drivers/STM32H7xx_HAL_Driver/Src/stm32h7xx_hal_pcd.c.obj
                                        0xdda (size before relaxing)
 .debug_str     0x0000000000004a71      0x1d6 CMakeFiles/NUCLEO-H7.elf.dir/Drivers/STM32H7xx_HAL_Driver/Src/stm32h7xx_hal_pcd_ex.c.obj
                                        0x82b (size before relaxing)
 .debug_str     0x0000000000004c47      0x553 CMakeFiles/NUCLEO-H7.elf.dir/Drivers/STM32H7xx_HAL_Driver/Src/stm32h7xx_hal_pwr_ex.c.obj
                                        0xa81 (size before relaxing)
 .debug_str     0x000000000000519a      0x1a0 CMakeFiles/NUCLEO-H7.elf.dir/Drivers/STM32H7xx_HAL_Driver/Src/stm32h7xx_hal_rcc.c.obj
                                        0xa94 (size before relaxing)
 .debug_str     0x000000000000533a      0x5e7 CMakeFiles/NUCLEO-H7.elf.dir/Drivers/STM32H7xx_HAL_Driver/Src/stm32h7xx_hal_rcc_ex.c.obj
                                        0xf76 (size before relaxing)
 .debug_str     0x0000000000005921      0x94e CMakeFiles/NUCLEO-H7.elf.dir/Drivers/STM32H7xx_HAL_Driver/Src/stm32h7xx_hal_uart.c.obj
                                       0x149f (size before relaxing)
 .debug_str     0x000000000000626f      0x245 CMakeFiles/NUCLEO-H7.elf.dir/Drivers/STM32H7xx_HAL_Driver/Src/stm32h7xx_hal_uart_ex.c.obj
                                        0xb6e (size before relaxing)
 .debug_str     0x00000000000064b4      0x47a CMakeFiles/NUCLEO-H7.elf.dir/Drivers/STM32H7xx_HAL_Driver/Src/stm32h7xx_ll_usb.c.obj
                                        0xd12 (size before relaxing)
 .debug_str     0x000000000000692e       0x51 CMakeFiles/NUCLEO-H7.elf.dir/startup/startup_stm32h743xx.s.obj
                                         0x88 (size before relaxing)

.comment        0x0000000000000000       0x4d
 .comment       0x0000000000000000       0x4d CMakeFiles/NUCLEO-H7.elf.dir/Core/Src/eth.c.obj
                                         0x4e (size before relaxing)
 .comment       0x000000000000004d       0x4e CMakeFiles/NUCLEO-H7.elf.dir/Core/Src/gpio.c.obj
 .comment       0x000000000000004d       0x4e CMakeFiles/NUCLEO-H7.elf.dir/Core/Src/main.c.obj
 .comment       0x000000000000004d       0x4e CMakeFiles/NUCLEO-H7.elf.dir/Core/Src/stm32h7xx_hal_msp.c.obj
 .comment       0x000000000000004d       0x4e CMakeFiles/NUCLEO-H7.elf.dir/Core/Src/stm32h7xx_it.c.obj
 .comment       0x000000000000004d       0x4e CMakeFiles/NUCLEO-H7.elf.dir/Core/Src/system_stm32h7xx.c.obj
 .comment       0x000000000000004d       0x4e CMakeFiles/NUCLEO-H7.elf.dir/Core/Src/usart.c.obj
 .comment       0x000000000000004d       0x4e CMakeFiles/NUCLEO-H7.elf.dir/Core/Src/usb_otg.c.obj
 .comment       0x000000000000004d       0x4e CMakeFiles/NUCLEO-H7.elf.dir/Drivers/STM32H7xx_HAL_Driver/Src/stm32h7xx_hal.c.obj
 .comment       0x000000000000004d       0x4e CMakeFiles/NUCLEO-H7.elf.dir/Drivers/STM32H7xx_HAL_Driver/Src/stm32h7xx_hal_cortex.c.obj
 .comment       0x000000000000004d       0x4e CMakeFiles/NUCLEO-H7.elf.dir/Drivers/STM32H7xx_HAL_Driver/Src/stm32h7xx_hal_eth.c.obj
 .comment       0x000000000000004d       0x4e CMakeFiles/NUCLEO-H7.elf.dir/Drivers/STM32H7xx_HAL_Driver/Src/stm32h7xx_hal_gpio.c.obj
 .comment       0x000000000000004d       0x4e CMakeFiles/NUCLEO-H7.elf.dir/Drivers/STM32H7xx_HAL_Driver/Src/stm32h7xx_hal_pcd.c.obj
 .comment       0x000000000000004d       0x4e CMakeFiles/NUCLEO-H7.elf.dir/Drivers/STM32H7xx_HAL_Driver/Src/stm32h7xx_hal_pcd_ex.c.obj
 .comment       0x000000000000004d       0x4e CMakeFiles/NUCLEO-H7.elf.dir/Drivers/STM32H7xx_HAL_Driver/Src/stm32h7xx_hal_pwr_ex.c.obj
 .comment       0x000000000000004d       0x4e CMakeFiles/NUCLEO-H7.elf.dir/Drivers/STM32H7xx_HAL_Driver/Src/stm32h7xx_hal_rcc.c.obj
 .comment       0x000000000000004d       0x4e CMakeFiles/NUCLEO-H7.elf.dir/Drivers/STM32H7xx_HAL_Driver/Src/stm32h7xx_hal_rcc_ex.c.obj
 .comment       0x000000000000004d       0x4e CMakeFiles/NUCLEO-H7.elf.dir/Drivers/STM32H7xx_HAL_Driver/Src/stm32h7xx_hal_uart.c.obj
 .comment       0x000000000000004d       0x4e CMakeFiles/NUCLEO-H7.elf.dir/Drivers/STM32H7xx_HAL_Driver/Src/stm32h7xx_hal_uart_ex.c.obj
 .comment       0x000000000000004d       0x4e CMakeFiles/NUCLEO-H7.elf.dir/Drivers/STM32H7xx_HAL_Driver/Src/stm32h7xx_ll_usb.c.obj

.debug_frame    0x0000000000000000     0x2770
 .debug_frame   0x0000000000000000       0x64 CMakeFiles/NUCLEO-H7.elf.dir/Core/Src/eth.c.obj
 .debug_frame   0x0000000000000064       0x34 CMakeFiles/NUCLEO-H7.elf.dir/Core/Src/gpio.c.obj
 .debug_frame   0x0000000000000098       0x58 CMakeFiles/NUCLEO-H7.elf.dir/Core/Src/main.c.obj
 .debug_frame   0x00000000000000f0       0x28 CMakeFiles/NUCLEO-H7.elf.dir/Core/Src/stm32h7xx_hal_msp.c.obj
 .debug_frame   0x0000000000000118       0xa8 CMakeFiles/NUCLEO-H7.elf.dir/Core/Src/stm32h7xx_it.c.obj
 .debug_frame   0x00000000000001c0       0x40 CMakeFiles/NUCLEO-H7.elf.dir/Core/Src/system_stm32h7xx.c.obj
 .debug_frame   0x0000000000000200       0x64 CMakeFiles/NUCLEO-H7.elf.dir/Core/Src/usart.c.obj
 .debug_frame   0x0000000000000264       0x68 CMakeFiles/NUCLEO-H7.elf.dir/Core/Src/usb_otg.c.obj
 .debug_frame   0x00000000000002cc      0x360 CMakeFiles/NUCLEO-H7.elf.dir/Drivers/STM32H7xx_HAL_Driver/Src/stm32h7xx_hal.c.obj
 .debug_frame   0x000000000000062c      0x158 CMakeFiles/NUCLEO-H7.elf.dir/Drivers/STM32H7xx_HAL_Driver/Src/stm32h7xx_hal_cortex.c.obj
 .debug_frame   0x0000000000000784      0x49c CMakeFiles/NUCLEO-H7.elf.dir/Drivers/STM32H7xx_HAL_Driver/Src/stm32h7xx_hal_eth.c.obj
 .debug_frame   0x0000000000000c20       0xd0 CMakeFiles/NUCLEO-H7.elf.dir/Drivers/STM32H7xx_HAL_Driver/Src/stm32h7xx_hal_gpio.c.obj
 .debug_frame   0x0000000000000cf0      0x348 CMakeFiles/NUCLEO-H7.elf.dir/Drivers/STM32H7xx_HAL_Driver/Src/stm32h7xx_hal_pcd.c.obj
 .debug_frame   0x0000000000001038       0xb8 CMakeFiles/NUCLEO-H7.elf.dir/Drivers/STM32H7xx_HAL_Driver/Src/stm32h7xx_hal_pcd_ex.c.obj
 .debug_frame   0x00000000000010f0      0x2f4 CMakeFiles/NUCLEO-H7.elf.dir/Drivers/STM32H7xx_HAL_Driver/Src/stm32h7xx_hal_pwr_ex.c.obj
 .debug_frame   0x00000000000013e4      0x188 CMakeFiles/NUCLEO-H7.elf.dir/Drivers/STM32H7xx_HAL_Driver/Src/stm32h7xx_hal_rcc.c.obj
 .debug_frame   0x000000000000156c      0x284 CMakeFiles/NUCLEO-H7.elf.dir/Drivers/STM32H7xx_HAL_Driver/Src/stm32h7xx_hal_rcc_ex.c.obj
 .debug_frame   0x00000000000017f0      0x674 CMakeFiles/NUCLEO-H7.elf.dir/Drivers/STM32H7xx_HAL_Driver/Src/stm32h7xx_hal_uart.c.obj
 .debug_frame   0x0000000000001e64      0x1c8 CMakeFiles/NUCLEO-H7.elf.dir/Drivers/STM32H7xx_HAL_Driver/Src/stm32h7xx_hal_uart_ex.c.obj
 .debug_frame   0x000000000000202c      0x450 CMakeFiles/NUCLEO-H7.elf.dir/Drivers/STM32H7xx_HAL_Driver/Src/stm32h7xx_ll_usb.c.obj
 .debug_frame   0x000000000000247c       0x4c /home/lightp/stm32/tools/gcc-arm-none-eabi-10-2020-q4-major/bin/../lib/gcc/arm-none-eabi/10.2.1/thumb/v7e-m/nofp/libgcc.a(_arm_addsubsf3.o)
 .debug_frame   0x00000000000024c8       0x38 /home/lightp/stm32/tools/gcc-arm-none-eabi-10-2020-q4-major/bin/../lib/gcc/arm-none-eabi/10.2.1/thumb/v7e-m/nofp/libgcc.a(_arm_muldivsf3.o)
 .debug_frame   0x0000000000002500       0x24 /home/lightp/stm32/tools/gcc-arm-none-eabi-10-2020-q4-major/bin/../lib/gcc/arm-none-eabi/10.2.1/thumb/v7e-m/nofp/libgcc.a(_arm_fixunssfsi.o)
 .debug_frame   0x0000000000002524       0x2c /home/lightp/stm32/tools/gcc-arm-none-eabi-10-2020-q4-major/bin/../lib/gcc/arm-none-eabi/10.2.1/thumb/v7e-m/nofp/libgcc.a(_aeabi_uldivmod.o)
 .debug_frame   0x0000000000002550       0x34 /home/lightp/stm32/tools/gcc-arm-none-eabi-10-2020-q4-major/bin/../lib/gcc/arm-none-eabi/10.2.1/thumb/v7e-m/nofp/libgcc.a(_udivmoddi4.o)
 .debug_frame   0x0000000000002584       0x2c /home/lightp/stm32/tools/gcc-arm-none-eabi-10-2020-q4-major/bin/../lib/gcc/arm-none-eabi/10.2.1/../../../../arm-none-eabi/lib/thumb/v7e-m/nofp/libg.a(lib_a-init.o)
 .debug_frame   0x00000000000025b0       0x2c /home/lightp/stm32/tools/gcc-arm-none-eabi-10-2020-q4-major/bin/../lib/gcc/arm-none-eabi/10.2.1/../../../../arm-none-eabi/lib/thumb/v7e-m/nofp/libg.a(lib_a-memset.o)
 .debug_frame   0x00000000000025dc       0x5c /home/lightp/stm32/tools/gcc-arm-none-eabi-10-2020-q4-major/bin/../lib/gcc/arm-none-eabi/10.2.1/../../../../arm-none-eabi/lib/thumb/v7e-m/nofp/libg.a(lib_a-__call_atexit.o)
 .debug_frame   0x0000000000002638       0x20 /home/lightp/stm32/tools/gcc-arm-none-eabi-10-2020-q4-major/bin/../lib/gcc/arm-none-eabi/10.2.1/../../../../arm-none-eabi/lib/thumb/v7e-m/nofp/libg.a(lib_a-atexit.o)
 .debug_frame   0x0000000000002658       0x34 /home/lightp/stm32/tools/gcc-arm-none-eabi-10-2020-q4-major/bin/../lib/gcc/arm-none-eabi/10.2.1/../../../../arm-none-eabi/lib/thumb/v7e-m/nofp/libg.a(lib_a-fini.o)
 .debug_frame   0x000000000000268c       0xb0 /home/lightp/stm32/tools/gcc-arm-none-eabi-10-2020-q4-major/bin/../lib/gcc/arm-none-eabi/10.2.1/../../../../arm-none-eabi/lib/thumb/v7e-m/nofp/libg.a(lib_a-lock.o)
 .debug_frame   0x000000000000273c       0x34 /home/lightp/stm32/tools/gcc-arm-none-eabi-10-2020-q4-major/bin/../lib/gcc/arm-none-eabi/10.2.1/../../../../arm-none-eabi/lib/thumb/v7e-m/nofp/libg.a(lib_a-__atexit.o)
